Component: ARM Compiler 5.06 update 7 (build 960) Tool: armlink [4d3601]

==============================================================================

Section Cross References

    system_mm32f032xx_s.o(i.AutoCalPllFactor) refers to uidiv.o(.text) for __aeabi_uidivmod
    system_mm32f032xx_s.o(i.SystemInit) refers to system_mm32f032xx_s.o(i.SetSysClockTo48) for SetSysClockTo48
    startup_mm32f032xx_s_keil.o(RESET) refers to startup_mm32f032xx_s_keil.o(STACK) for __initial_sp
    startup_mm32f032xx_s_keil.o(RESET) refers to startup_mm32f032xx_s_keil.o(.text) for Reset_Handler
    startup_mm32f032xx_s_keil.o(RESET) refers to systick.o(i.SysTick_Handler) for SysTick_Handler
    startup_mm32f032xx_s_keil.o(RESET) refers to porting_misc.o(i.EXTI4_15_IRQHandler) for EXTI4_15_IRQHandler
    startup_mm32f032xx_s_keil.o(RESET) refers to spi.o(i.DMA1_Channel2_3_IRQHandler) for DMA1_Channel2_3_IRQHandler
    startup_mm32f032xx_s_keil.o(RESET) refers to spi.o(i.DMA1_Channel4_5_IRQHandler) for DMA1_Channel4_5_IRQHandler
    startup_mm32f032xx_s_keil.o(.text) refers to startup_mm32f032xx_s_keil.o(STACK) for __initial_sp
    startup_mm32f032xx_s_keil.o(.text) refers to system_mm32f032xx_s.o(i.SystemInit) for SystemInit
    startup_mm32f032xx_s_keil.o(.text) refers to entry.o(.ARM.Collect$$$$00000000) for __main
    main.o(i.RF_Open) refers to systick.o(i.SysTick_DelayMs) for SysTick_DelayMs
    main.o(i.RF_Open) refers to hal_rcc.o(i.RCC_AHBPeriphClockCmd) for RCC_AHBPeriphClockCmd
    main.o(i.RF_Open) refers to hal_gpio.o(i.GPIO_StructInit) for GPIO_StructInit
    main.o(i.RF_Open) refers to hal_gpio.o(i.GPIO_Init) for GPIO_Init
    main.o(i.RF_Open) refers to hal_gpio.o(i.GPIO_SetBits) for GPIO_SetBits
    main.o(i.RF_Open) refers to hal_gpio.o(i.GPIO_ResetBits) for GPIO_ResetBits
    main.o(i.RF_Open) refers to porting_misc.o(i.RF_SpiIoMapping) for RF_SpiIoMapping
    main.o(i.RF_Open) refers to rf_phy.o(i.RF_Init) for RF_Init
    main.o(i.main) refers to systick.o(i.SysTick_Init) for SysTick_Init
    main.o(i.main) refers to uart.o(i.UARTx_Configure) for UARTx_Configure
    main.o(i.main) refers to main.o(i.RF_Open) for RF_Open
    main.o(i.main) refers to printf8.o(i.__0printf$8) for __2printf
    main.o(i.main) refers to rf_phy.o(i.ChipId_Get) for ChipId_Get
    main.o(i.main) refers to ble_cmd.o(i.setBLE_BleDeviceAddr) for setBLE_BleDeviceAddr
    main.o(i.main) refers to user.o(i.BleApp_Init) for BleApp_Init
    main.o(i.main) refers to kernel.o(i.Ble_Kernel_Root) for Ble_Kernel_Root
    main.o(i.main) refers to user.o(i.BleApp_Main) for BleApp_Main
    user.o(i.BleApp_Init) refers to ble_event.o(i.setBLE_RegisterBleEvent) for setBLE_RegisterBleEvent
    user.o(i.BleApp_Init) refers to ble_cmd.o(i.setBLE_IOCapabilities) for setBLE_IOCapabilities
    user.o(i.BleApp_Init) refers to user.o(i.BleEvent_Callback) for BleEvent_Callback
    user.o(i.BleApp_Main) refers to rf_phy.o(i.LLTimeline_Get) for LLTimeline_Get
    user.o(i.BleApp_Main) refers to user.o(i.Ble_Slave_StartADV) for Ble_Slave_StartADV
    user.o(i.BleApp_Main) refers to host.o(i.ATT_HDL_Notify) for ATT_HDL_Notify
    user.o(i.BleApp_Main) refers to user.o(.data) for .data
    user.o(i.BleApp_Main) refers to profile_tab.o(.data) for att_HDL_HIDS_REPORT_MSI
    user.o(i.BleApp_Main) refers to profile_tab.o(.constdata) for ATT_HDL_HIDS_REPORT_MSI_INIT
    user.o(i.BleApp_Main) refers to profile_tab.o(.data) for att_HDL_HIDS_REPORT_MSI_CLIENT_CHARACTERISTIC_CONFIGURATION
    user.o(i.BleApp_Main) refers to profile_tab.o(.data) for att_HDL_HIDS_REPORT_KBI
    user.o(i.BleApp_Main) refers to profile_tab.o(.constdata) for ATT_HDL_HIDS_REPORT_KBI_INIT
    user.o(i.BleApp_Main) refers to profile_tab.o(.data) for att_HDL_HIDS_REPORT_KBI_CLIENT_CHARACTERISTIC_CONFIGURATION
    user.o(i.BleApp_Main) refers to profile_tab.o(.data) for att_HDL_HIDS_REPORT_CSI
    user.o(i.BleApp_Main) refers to profile_tab.o(.constdata) for ATT_HDL_HIDS_REPORT_CSI_INIT
    user.o(i.BleApp_Main) refers to profile_tab.o(.data) for att_HDL_HIDS_REPORT_CSI_CLIENT_CHARACTERISTIC_CONFIGURATION
    user.o(i.BleEvent_Callback) refers to kernel.o(i.__ARM_common_switch8) for __ARM_common_switch8
    user.o(i.BleEvent_Callback) refers to printf8.o(i.__0printf$8) for __2printf
    user.o(i.BleEvent_Callback) refers to ble_cmd.o(i.setBLE_Pairing_PassKey) for setBLE_Pairing_PassKey
    user.o(i.BleEvent_Callback) refers to user.o(.data) for .data
    user.o(i.BleEvent_Callback) refers to user.o(.conststring) for .conststring
    user.o(i.BleEvent_Callback) refers to main.o(.data) for g_pairinKey
    user.o(i.Ble_Initial) refers to user.o(i.Ble_Slave_StartADV) for Ble_Slave_StartADV
    user.o(i.Ble_Initial) refers to user.o(i.Ble_Master_Init) for Ble_Master_Init
    user.o(i.Ble_Master_Init) refers to memcpya.o(.text) for __aeabi_memcpy
    user.o(i.Ble_Master_Init) refers to ble_cmd.o(i.setBLE_ConnCreate) for setBLE_ConnCreate
[...]
    TBlk_Free_LL                             0x2000045c   Data           1  ll.o(.data)
    TBlk_InUse_LL                            0x2000045d   Data           1  ll.o(.data)
    LL_SMP_DataCh                            0x2000045e   Data           1  ll.o(.data)
    status_LL_Tmr                            0x2000045f   Data           1  ll.o(.data)
    anchor_LL_Tmr                            0x20000460   Data           1  ll.o(.data)
    LL_Msg_AdvScnConn                        0x20000461   Data           1  ll.o(.data)
    LL_Msg_AdvScnConnUpd                     0x20000462   Data           1  ll.o(.data)
    LL_Msg_AdvScnConnUpdSts                  0x20000463   Data           1  ll.o(.data)
    RF_Msg_RF0INT                            0x20000464   Data           1  ll.o(.data)
    LL_DurRxPktAccu                          0x20000466   Data           2  ll.o(.data)
    LL_ConnBuffPt                            0x20000468   Data           4  ll.o(.data)
    LL_Adv_Data_Buf                          0x2000046c   Data           4  ll.o(.data)
    LL_Ref_Default_PHY                       0x20000470   Data           4  ll.o(.data)
    tblk_LL_pi                               0x20000474   Data           4  ll.o(.data)
    tblk_LL_pi2                              0x20000478   Data           4  ll.o(.data)
    LL_conn_pi                               0x2000047c   Data           4  ll.o(.data)
    mblk_LL_conn_Para                        0x20000480   Data           4  ll.o(.data)
    LL_Slv_Win_Width                         0x20000484   Data           4  ll.o(.data)
    LL_Slv_Win_Width_Base                    0x20000488   Data           4  ll.o(.data)
    seedR16                                  0x2000048c   Data           4  ll.o(.data)
    LL_Ref_Acs_Addr_ADVSCN                   0x20000490   Data           4  ll.o(.data)
    LL_Ref_crc_ini_ADVSCN                    0x20000494   Data           4  ll.o(.data)
    Ch_ADV_Ch_Hop_Table                      0x20000498   Data           4  ll.o(.data)
    Ch_ADV_Ch_Hop_TableBuf                   0x2000049c   Data           4  ll.o(.data)
    LL_Ref_ChMap                             0x200004a0   Data           5  ll.o(.data)
    BD_Rand_Addr                             0x200004a5   Data           6  ll.o(.data)
    BD_Rand_AddrBuf                          0x200004ab   Data           6  ll.o(.data)
    LL_ConnDataQ                             0x200004b4   Data           8  ll.o(.data)
    LL_ConnCtrlQ                             0x200004bc   Data           8  ll.o(.data)
    LL_ConnDataInQ                           0x200004c4   Data           8  ll.o(.data)
    LL_ConnDataInTmp                         0x200004cc   Data           8  ll.o(.data)
    LL_ConnBuffPrcs                          0x200004d4   Data           8  ll.o(.data)
    LL_ConnBuffPrcsR                         0x200004dc   Data           8  ll.o(.data)
    Tmr37                                    0x200004e8   Data           8  ll.o(.data)
    LL_Length_Prefer                         0x200004f0   Data           8  ll.o(.data)
    MsgQueueEC                               0x200004f8   Data           8  ll.o(.data)
    RfVolt_new                               0x20000500   Data           1  rf_phy.o(.data)
    Content_ioInt                            0x20000501   Data           1  rf_phy.o(.data)
    Content_ioInt_exceptTmr                  0x20000502   Data           1  rf_phy.o(.data)
    rssiOffsetValue                          0x20000503   Data           1  rf_phy.o(.data)
    g16MHzClkOut                             0x20000504   Data           1  rf_phy.o(.data)
    rf_initial_flag                          0x20000505   Data           1  rf_phy.o(.data)
    gSleep                                   0x20000506   Data           1  rf_phy.o(.data)
    LL_Tmr_Ticks_RSV_Wakeup                  0x20000507   Data           1  rf_phy.o(.data)
    rssi_read_data                           0x20000508   Data           3  rf_phy.o(.data)
    Timeline24                               0x2000050c   Data           4  rf_phy.o(.data)
    Tmr16Interval                            0x20000510   Data           4  rf_phy.o(.data)
    addr_TxFIFO                              0x20000514   Data           4  rf_phy.o(.data)
    Phy_pll_bank                             0x20000518   Data           5  rf_phy.o(.data)
    init_txpower_8dbm_reg                    0x20000528   Data           5  rf_phy.o(.data)
    Event_Mask2                              0x20000530   Data           1  hci.o(.data)
    LE_Event_Mask                            0x20000531   Data           3  hci.o(.data)
    mhcCallBack                              0x20000534   Data           4  hci.o(.data)
    Event_Mask                               0x20000538   Data           5  hci.o(.data)
    ATT_INDICATION_Packet_Sent               0x2000053d   Data           1  mmi.o(.data)
    ATT_WRITE_REQUEST_Packet_Sent            0x2000053e   Data           1  mmi.o(.data)
    r_AES_INI                                0x2000053f   Data          16  rffunction.o(.data)
    RSP_PAIRING_REQUEST                      0x2000054f   Data          11  rffunction.o(.data)
    LTK_FIXED                                0x2000055a   Data          16  rffunction.o(.data)
    EDIV_FIXED                               0x2000056a   Data           2  rffunction.o(.data)
    RAND_FIXED                               0x2000056c   Data           8  rffunction.o(.data)
    IRK_FIXED                                0x20000574   Data          16  rffunction.o(.data)
    CSRK_FIXED                               0x20000584   Data          16  rffunction.o(.data)
    SEL_STK_GEN_MTHD                         0x20000594   Data          25  rffunction.o(.data)
    aTT_MTU                                  0x200005ad   Data           1  rffunction.o(.data)
    smp_Authorization                        0x200005ae   Data           1  rffunction.o(.data)
    smp_Encryption                           0x200005af   Data           1  rffunction.o(.data)
    smp_Security_Mode                        0x200005b0   Data           1  rffunction.o(.data)
    smp_PReq_IO_Capab                        0x200005b1   Data           1  rffunction.o(.data)
    smp_PReq_OOB_data                        0x200005b2   Data           1  rffunction.o(.data)
    smp_PReq_Init_Key_Distr                  0x200005b3   Data           1  rffunction.o(.data)
    smp_PReq_Resp_Key_Distr                  0x200005b4   Data           1  rffunction.o(.data)
    smp_Local_Addr                           0x200005b5   Data           8  rffunction.o(.data)
    smp_Phase                                0x200005bd   Data           1  rffunction.o(.data)
    smp_TempDef                              0x200005be   Data           1  rffunction.o(.data)
    smp_Rand                                 0x200005bf   Data           8  rffunction.o(.data)
    smp_EDIV                                 0x200005c7   Data           2  rffunction.o(.data)
    smp_Local_Addr_advTemp                   0x200005c9   Data           8  rffunction.o(.data)
    __stdout                                 0x200005d4   Data           4  stdout.o(.data)
    MsgBlk                                   0x200005d8   Data        2340  porting_misc.o(.bss)
    att_HDL_HIDS_BOOT_KEYBOARD_INPUT_REPORT  0x20000efc   Data           9  profile_tab.o(.bss)
    MsgQueue                                 0x20000f08   Data          40  kernel.o(.bss)
    LL_Adv_Para                              0x20000f30   Data          96  ll.o(.bss)
    LL_Adv_Para_UpdBuf                       0x20000f90   Data          96  ll.o(.bss)
    LL_Scan_Para                             0x20000ff0   Data          16  ll.o(.bss)
    LL_Scan_Para_UpdBuf                      0x20001000   Data          16  ll.o(.bss)
    LL_Conn_Para                             0x20001010   Data         140  ll.o(.bss)
    LL_Init_Para                             0x2000109c   Data          32  ll.o(.bss)
    LL_WhiteList_Para                        0x200010bc   Data          28  ll.o(.bss)
    LL_Para_Interval                         0x200010d8   Data          36  ll.o(.bss)
    LL_Para_IntervalR                        0x200010fc   Data         259  ll.o(.bss)
    TmrBlk_LL                                0x20001200   Data          32  ll.o(.bss)
    ram_Tab                                  0x20001220   Data          48  ll.o(.bss)
    RFIP_reg_MEM                             0x20001250   Data          13  rf_phy.o(.bss)
    CH_PLL_bank_Table                        0x2000125d   Data          40  rf_phy.o(.bss)
    L2CAP_Buf                                0x20001285   Data         253  l2cap.o(.bss)
    SPIBuffer                                0x20001384   Data         251  rffunction.o(.bss)
    q_att_HDL_PreWr                          0x2000147f   Data          48  rffunction.o(.bss)
    CmdTimer                                 0x200014b0   Data          36  rffunction.o(.bss)
    k_AES_passkey                            0x200014d4   Data          16  rffunction.o(.bss)
    smp_Para_Bond                            0x200014e4   Data          37  rffunction.o(.bss)
    rsp_pairing_request_table                0x20001509   Data          11  rffunction.o(.bss)
    smp_Temp16                               0x20001514   Data          16  rffunction.o(.bss)
    smp_IRKm                                 0x20001524   Data          16  rffunction.o(.bss)
    smp_CSRKm                                0x20001534   Data          16  rffunction.o(.bss)
    r_AES                                    0x20001544   Data          16  rffunction.o(.bss)
    LTK                                      0x20001554   Data          16  rffunction.o(.bss)
    LTK_SEED                                 0x20001564   Data          10  rffunction.o(.bss)
    SECBuffer                                0x2000156e   Data          42  rffunction.o(.bss)
    __initial_sp                             0x20001998   Data           0  startup_mm32f032xx_s_keil.o(STACK)



==============================================================================

Memory Map of the image

  Image Entry point : 0x080000c1

  Load Region LR_IROM1 (Base: 0x08000000, Size: 0x0000ad7c, Max: 0x00010000, ABSOLUTE, COMPRESSED[0x0000aabc])

    Execution Region ER_IROM1 (Exec base: 0x08000000, Load base: 0x08000000, Size: 0x0000a7a4, Max: 0x00010000, ABSOLUTE)

    Exec Addr    Load Addr    Size         Type   Attr      Idx    E Section Name        Object

    0x08000000   0x08000000   0x000000c0   Data   RO           68    RESET               startup_mm32f032xx_s_keil.o
    0x080000c0   0x080000c0   0x00000000   Code   RO         6540  * .ARM.Collect$$$$00000000  mc_p.l(entry.o)
    0x080000c0   0x080000c0   0x00000004   Code   RO         6812    .ARM.Collect$$$$00000001  mc_p.l(entry2.o)
    0x080000c4   0x080000c4   0x00000004   Code   RO         6815    .ARM.Collect$$$$00000004  mc_p.l(entry5.o)
    0x080000c8   0x080000c8   0x00000000   Code   RO         6817    .ARM.Collect$$$$00000008  mc_p.l(entry7b.o)
    0x080000c8   0x080000c8   0x00000000   Code   RO         6819    .ARM.Collect$$$$0000000A  mc_p.l(entry8b.o)
    0x080000c8   0x080000c8   0x00000008   Code   RO         6820    .ARM.Collect$$$$0000000B  mc_p.l(entry9a.o)
    0x080000d0   0x080000d0   0x00000004   Code   RO         6827    .ARM.Collect$$$$0000000E  mc_p.l(entry12b.o)
    0x080000d4   0x080000d4   0x00000000   Code   RO         6822    .ARM.Collect$$$$0000000F  mc_p.l(entry10a.o)
    0x080000d4   0x080000d4   0x00000000   Code   RO         6824    .ARM.Collect$$$$00000011  mc_p.l(entry11a.o)
    0x080000d4   0x080000d4   0x00000004   Code   RO         6813    .ARM.Collect$$$$00002712  mc_p.l(entry2.o)
    0x080000d8   0x080000d8   0x00000006   Code   RO          580    .emb_text           porting_lltimer.o
    0x080000de   0x080000de   0x00000002   PAD
    0x080000e0   0x080000e0   0x00000058   Code   RO           69    .text               startup_mm32f032xx_s_keil.o
    0x08000138   0x08000138   0x0000002c   Code   RO         6543    .text               mc_p.l(uidiv.o)
    0x08000164   0x08000164   0x00000028   Code   RO         6545    .text               mc_p.l(idiv.o)
    0x0800018c   0x0800018c   0x00000060   Code   RO         6829    .text               mc_p.l(uldiv.o)
    0x080001ec   0x080001ec   0x00000024   Code   RO         6842    .text               mc_p.l(init.o)
    0x08000210   0x08000210   0x00000020   Code   RO         6844    .text               mc_p.l(llshl.o)
    0x08000230   0x08000230   0x00000022   Code   RO         6846    .text               mc_p.l(llushr.o)
    0x08000252   0x08000252   0x00000056   Code   RO         6861    .text               mc_p.l(__dczerorl2.o)
    0x080002a8   0x080002a8   0x00000084   Code   RO         4372    i.ATT_HDL_Notify    Rafael_BLE_MM32F032xx_s.lib(host.o)
    0x0800032c   0x0800032c   0x00000002   Code   RO         3463    i.ATT_HDL_Rd_NULL   profile_tab.o
    0x0800032e   0x0800032e   0x00000002   Code   RO         3464    i.ATT_HDL_Wr_NULL   profile_tab.o
    0x08000330   0x08000330   0x0000005c   Code   RO          701    i.BSP_SPI_BLE_Init  porting_spi.o
    0x0800038c   0x0800038c   0x0000001c   Code   RO          255    i.BleApp_Init       user.o
    0x080003a8   0x080003a8   0x00000194   Code   RO          256    i.BleApp_Main       user.o
    0x0800053c   0x0800053c   0x00000144   Code   RO          257    i.BleEvent_Callback  user.o
    0x08000680   0x08000680   0x0000000c   Code   RO         4002    i.BleEvent_PostEvent  Rafael_BLE_MM32F032xx_s.lib(ble_event.o)
    0x0800068c   0x0800068c   0x0000000c   Code   RO         5719    i.BleMHC_PostEvent  Rafael_BLE_MM32F032xx_s.lib(hci.o)
    0x08000698   0x08000698   0x0000000c   Code   RO         5288    i.BleTxFIFOAddr_Get  Rafael_BLE_MM32F032xx_s.lib(rf_phy.o)
    0x080006a4   0x080006a4   0x00000014   Code   RO         4459    i.Ble_EC_Chk_Isr    Rafael_BLE_MM32F032xx_s.lib(ll.o)
    0x080006b8   0x080006b8   0x000000c0   Code   RO         4038    i.Ble_Kernel_Root   Rafael_BLE_MM32F032xx_s.lib(kernel.o)
    0x08000778   0x08000778   0x00000044   Code   RO         5289    i.Ble_SW_Init       Rafael_BLE_MM32F032xx_s.lib(rf_phy.o)
    0x080007bc   0x080007bc   0x0000001e   Code   RO          260    i.Ble_Slave_AdvInit  user.o
    0x080007da   0x080007da   0x00000002   PAD
    0x080007dc   0x080007dc   0x00000024   Code   RO          261    i.Ble_Slave_StartADV  user.o
    0x08000800   0x08000800   0x0000003c   Code   RO         4042    i.CheckMsgBlk_L2_wSizeUsed_Isr  Rafael_BLE_MM32F032xx_s.lib(kernel.o)
    0x0800083c   0x0800083c   0x00000020   Code   RO         4043    i.CheckMsgQueue     Rafael_BLE_MM32F032xx_s.lib(kernel.o)
    0x0800085c   0x0800085c   0x00000014   Code   RO         5945    i.CheckValid_L2CAP_Buf  Rafael_BLE_MM32F032xx_s.lib(l2cap.o)
    0x08000870   0x08000870   0x0000000c   Code   RO         5290    i.ChipId_Get        Rafael_BLE_MM32F032xx_s.lib(rf_phy.o)
    0x0800087c   0x0800087c   0x00000034   Code   RO          407    i.DMA1_Channel2_3_IRQHandler  spi.o
    0x080008b0   0x080008b0   0x00000038   Code   RO          408    i.DMA1_Channel4_5_IRQHandler  spi.o
    0x080008e8   0x080008e8   0x0000000c   Code   RO         1154    i.DMA_ClearITPendingBit  hal_dma.o
    0x080008f4   0x080008f4   0x0000000c   Code   RO         1155    i.DMA_Cmd           hal_dma.o
    0x08000900   0x08000900   0x00000030   Code   RO         1156    i.DMA_DeInit        hal_dma.o
    0x08000930   0x08000930   0x00000014   Code   RO         1159    i.DMA_GetITStatus   hal_dma.o
    0x08000944   0x08000944   0x00000010   Code   RO         1160    i.DMA_ITConfig      hal_dma.o
    0x08000954   0x08000954   0x0000004c   Code   RO         1161    i.DMA_Init          hal_dma.o
    0x080009a0   0x080009a0   0x0000001c   Code   RO         1162    i.DMA_StructInit    hal_dma.o
    0x080009bc   0x080009bc   0x000000f0   Code   RO         4460    i.ECHC_LE_Ctrl_Pkt  Rafael_BLE_MM32F032xx_s.lib(ll.o)
    0x08000aac   0x08000aac   0x00000038   Code   RO         4461    i.EC_Root_Isr       Rafael_BLE_MM32F032xx_s.lib(ll.o)
    0x08000ae4   0x08000ae4   0x00000030   Code   RO          611    i.EXTI4_15_IRQHandler  porting_misc.o
    0x08000b14   0x08000b14   0x0000000c   Code   RO         1255    i.EXTI_ClearITPendingBit  hal_exti.o
    0x08000b20   0x08000b20   0x0000001c   Code   RO         1260    i.EXTI_GetITStatus  hal_exti.o
    0x08000b3c   0x08000b3c   0x00000058   Code   RO         1261    i.EXTI_Init         hal_exti.o
    0x08000b94   0x08000b94   0x00000028   Code   RO         1262    i.EXTI_LineConfig   hal_exti.o
    0x08000bbc   0x08000bbc   0x0000000c   Code   RO         4053    i.ErrorEntry        Rafael_BLE_MM32F032xx_s.lib(kernel.o)
    0x08000bc8   0x08000bc8   0x00000024   Code   RO         4054    i.FreeMsgBlk        Rafael_BLE_MM32F032xx_s.lib(kernel.o)
    0x08000bec   0x08000bec   0x0000001c   Code   RO         4055    i.FreeMsgBlk_Isr    Rafael_BLE_MM32F032xx_s.lib(kernel.o)
    0x08000c08   0x08000c08   0x00000034   Code   RO         4056    i.FreeMsgBlks       Rafael_BLE_MM32F032xx_s.lib(kernel.o)
    0x08000c3c   0x08000c3c   0x00000028   Code   RO         4057    i.FreeMsgBlks_Isr   Rafael_BLE_MM32F032xx_s.lib(kernel.o)
    0x08000c64   0x08000c64   0x00000086   Code   RO         1546    i.GPIO_Init         hal_gpio.o
    0x08000cea   0x08000cea   0x00000020   Code   RO         1547    i.GPIO_PinAFConfig  hal_gpio.o
    0x08000d0a   0x08000d0a   0x0000000a   Code   RO         1551    i.GPIO_ReadInputDataBit  hal_gpio.o
    0x08000d14   0x08000d14   0x00000004   Code   RO         1554    i.GPIO_ResetBits    hal_gpio.o
    0x08000d18   0x08000d18   0x00000004   Code   RO         1555    i.GPIO_SetBits      hal_gpio.o
    0x08000d1c   0x08000d1c   0x00000010   Code   RO         1556    i.GPIO_StructInit   hal_gpio.o
    0x08000d2c   0x08000d2c   0x0000002c   Code   RO         4058    i.GetMsgBlk         Rafael_BLE_MM32F032xx_s.lib(kernel.o)
    0x08000d58   0x08000d58   0x0000002c   Code   RO         4059    i.GetMsgBlk_Isr     Rafael_BLE_MM32F032xx_s.lib(kernel.o)
    0x08000d84   0x08000d84   0x00000060   Code   RO         4060    i.GetMsgBlk_L1_wSize_Isr  Rafael_BLE_MM32F032xx_s.lib(kernel.o)
    0x08000de4   0x08000de4   0x00000060   Code   RO         4061    i.GetMsgBlk_L2_wSize  Rafael_BLE_MM32F032xx_s.lib(kernel.o)
    0x08000e44   0x08000e44   0x00000024   Code   RO         5720    i.HCI_Root          Rafael_BLE_MM32F032xx_s.lib(hci.o)
    0x08000e68   0x08000e68   0x00000038   Code   RO         4462    i.HCLL_Disconnect   Rafael_BLE_MM32F032xx_s.lib(ll.o)
    0x08000ea0   0x08000ea0   0x00000002   Code   RO         4463    i.HCLL_Host_Buffer_Size  Rafael_BLE_MM32F032xx_s.lib(ll.o)
    0x08000ea2   0x08000ea2   0x00000002   Code   RO         4464    i.HCLL_Host_Num_of_Completed_Packets  Rafael_BLE_MM32F032xx_s.lib(ll.o)
    0x08000ea4   0x08000ea4   0x00000002   Code   RO         4465    i.HCLL_LE_ACL_Data_Pkt  Rafael_BLE_MM32F032xx_s.lib(ll.o)
    0x08000ea6   0x08000ea6   0x00000004   Code   RO         4466    i.HCLL_LE_ACL_Data_Pkt_Extend  Rafael_BLE_MM32F032xx_s.lib(ll.o)
    0x08000eaa   0x08000eaa   0x00000002   PAD
    0x08000eac   0x08000eac   0x0000008c   Code   RO         4467    i.HCLL_LE_Add_Device_to_White_List  Rafael_BLE_MM32F032xx_s.lib(ll.o)
    0x08000f38   0x08000f38   0x00000048   Code   RO         4468    i.HCLL_LE_Clear_White_List  Rafael_BLE_MM32F032xx_s.lib(ll.o)
    0x08000f80   0x08000f80   0x000000d4   Code   RO         4469    i.HCLL_LE_Conn_update  Rafael_BLE_MM32F032xx_s.lib(ll.o)
    0x08001054   0x08001054   0x00000002   Code   RO         4470    i.HCLL_LE_Create_Conn  Rafael_BLE_MM32F032xx_s.lib(ll.o)
    0x08001056   0x08001056   0x00000002   Code   RO         4471    i.HCLL_LE_Create_conn_cancel  Rafael_BLE_MM32F032xx_s.lib(ll.o)
    0x08001058   0x08001058   0x000000c0   Code   RO         4472    i.HCLL_LE_Ctrl_Pkt  Rafael_BLE_MM32F032xx_s.lib(ll.o)
    0x08001118   0x08001118   0x00000024   Code   RO         4473    i.HCLL_LE_Encrypt   Rafael_BLE_MM32F032xx_s.lib(ll.o)
    0x0800113c   0x0800113c   0x00000064   Code   RO         4474    i.HCLL_LE_Long_term_key_req_neg_reply  Rafael_BLE_MM32F032xx_s.lib(ll.o)
    0x080011a0   0x080011a0   0x00000024   Code   RO         4475    i.HCLL_LE_Long_term_key_req_reply  Rafael_BLE_MM32F032xx_s.lib(ll.o)
    0x080011c4   0x080011c4   0x00000024   Code   RO         4476    i.HCLL_LE_Rand      Rafael_BLE_MM32F032xx_s.lib(ll.o)
    0x080011e8   0x080011e8   0x00000004   Code   RO         4477    i.HCLL_LE_Read_Adv_Ch_Tx_Pwr  Rafael_BLE_MM32F032xx_s.lib(ll.o)
    0x080011ec   0x080011ec   0x00000024   Code   RO         4478    i.HCLL_LE_Read_Buffer_Size  Rafael_BLE_MM32F032xx_s.lib(ll.o)
    0x08001210   0x08001210   0x00000048   Code   RO         4479    i.HCLL_LE_Read_Local_Supported_Feat  Rafael_BLE_MM32F032xx_s.lib(ll.o)
    0x08001258   0x08001258   0x00000044   Code   RO         4480    i.HCLL_LE_Read_Phy  Rafael_BLE_MM32F032xx_s.lib(ll.o)
    0x0800129c   0x0800129c   0x00000044   Code   RO         4481    i.HCLL_LE_Read_Remote_Used_Feat  Rafael_BLE_MM32F032xx_s.lib(ll.o)
    0x080012e0   0x080012e0   0x0000001c   Code   RO         4482    i.HCLL_LE_Read_White_List_Size  Rafael_BLE_MM32F032xx_s.lib(ll.o)
    0x080012fc   0x080012fc   0x0000003c   Code   RO         4483    i.HCLL_LE_Read_ch_map  Rafael_BLE_MM32F032xx_s.lib(ll.o)
    0x08001338   0x08001338   0x00000002   Code   RO         4484    i.HCLL_LE_Read_supported_states  Rafael_BLE_MM32F032xx_s.lib(ll.o)
    0x0800133a   0x0800133a   0x00000002   Code   RO         4485    i.HCLL_LE_Receiver_test  Rafael_BLE_MM32F032xx_s.lib(ll.o)
    0x0800133c   0x0800133c   0x00000004   Code   RO         4486    i.HCLL_LE_Remote_conn_param_req_neg_reply  Rafael_BLE_MM32F032xx_s.lib(ll.o)
    0x08001340   0x08001340   0x00000004   Code   RO         4487    i.HCLL_LE_Remote_conn_param_req_reply  Rafael_BLE_MM32F032xx_s.lib(ll.o)
    0x08001344   0x08001344   0x00000070   Code   RO         4488    i.HCLL_LE_Rmv_Device_from_White_List  Rafael_BLE_MM32F032xx_s.lib(ll.o)
    0x080013b4   0x080013b4   0x00000064   Code   RO         4489    i.HCLL_LE_Set_Adv_Data  Rafael_BLE_MM32F032xx_s.lib(ll.o)
    0x08001418   0x08001418   0x000000a4   Code   RO         4490    i.HCLL_LE_Set_Adv_Param  Rafael_BLE_MM32F032xx_s.lib(ll.o)
    0x080014bc   0x080014bc   0x00000138   Code   RO         4491    i.HCLL_LE_Set_Advertise_Enable  Rafael_BLE_MM32F032xx_s.lib(ll.o)
    0x080015f4   0x080015f4   0x0000007c   Code   RO         4492    i.HCLL_LE_Set_Data_Length  Rafael_BLE_MM32F032xx_s.lib(ll.o)
    0x08001670   0x08001670   0x00000068   Code   RO         4493    i.HCLL_LE_Set_Default_Phy  Rafael_BLE_MM32F032xx_s.lib(ll.o)
    0x080016d8   0x080016d8   0x0000002c   Code   RO         4494    i.HCLL_LE_Set_Event_Mask  Rafael_BLE_MM32F032xx_s.lib(ll.o)
    0x08001704   0x08001704   0x00000002   Code   RO         4495    i.HCLL_LE_Set_Host_Ch_Classification  Rafael_BLE_MM32F032xx_s.lib(ll.o)
    0x08001706   0x08001706   0x00000002   PAD
    0x08001708   0x08001708   0x000000b0   Code   RO         4496    i.HCLL_LE_Set_Phy   Rafael_BLE_MM32F032xx_s.lib(ll.o)
    0x080017b8   0x080017b8   0x00000058   Code   RO         4497    i.HCLL_LE_Set_Random_Address  Rafael_BLE_MM32F032xx_s.lib(ll.o)
    0x08001810   0x08001810   0x00000064   Code   RO         4498    i.HCLL_LE_Set_Scan_Response_Data  Rafael_BLE_MM32F032xx_s.lib(ll.o)
    0x08001874   0x08001874   0x00000050   Code   RO         4499    i.HCLL_LE_Set_scan_enable  Rafael_BLE_MM32F032xx_s.lib(ll.o)
    0x080018c4   0x080018c4   0x00000094   Code   RO         4500    i.HCLL_LE_Set_scan_param  Rafael_BLE_MM32F032xx_s.lib(ll.o)
    0x08001958   0x08001958   0x00000024   Code   RO         4501    i.HCLL_LE_Start_encryption  Rafael_BLE_MM32F032xx_s.lib(ll.o)
    0x0800197c   0x0800197c   0x00000002   Code   RO         4502    i.HCLL_LE_Test_end  Rafael_BLE_MM32F032xx_s.lib(ll.o)
    0x0800197e   0x0800197e   0x00000002   Code   RO         4503    i.HCLL_LE_Transmitter_test  Rafael_BLE_MM32F032xx_s.lib(ll.o)
    0x08001980   0x08001980   0x00000030   Code   RO         4504    i.HCLL_Read_BD_Addr  Rafael_BLE_MM32F032xx_s.lib(ll.o)
    0x080019b0   0x080019b0   0x00000002   Code   RO         4505    i.HCLL_Read_Le_Host_Support  Rafael_BLE_MM32F032xx_s.lib(ll.o)
    0x080019b2   0x080019b2   0x00000002   PAD
    0x080019b4   0x080019b4   0x00000054   Code   RO         4506    i.HCLL_Read_Local_Supported_Cmd  Rafael_BLE_MM32F032xx_s.lib(ll.o)
    0x08001a08   0x08001a08   0x00000030   Code   RO         4507    i.HCLL_Read_Local_Supported_Feat  Rafael_BLE_MM32F032xx_s.lib(ll.o)
    0x08001a38   0x08001a38   0x00000030   Code   RO         4508    i.HCLL_Read_Local_Ver_Info  Rafael_BLE_MM32F032xx_s.lib(ll.o)
    0x08001a68   0x08001a68   0x00000030   Code   RO         4509    i.HCLL_Read_Remote_Ver_Info  Rafael_BLE_MM32F032xx_s.lib(ll.o)
    0x08001a98   0x08001a98   0x00000002   Code   RO         4510    i.HCLL_Read_Transmit_Pwr_Level  Rafael_BLE_MM32F032xx_s.lib(ll.o)
    0x08001a9a   0x08001a9a   0x00000002   Code   RO         4511    i.HCLL_Read_authen_payload_timeout  Rafael_BLE_MM32F032xx_s.lib(ll.o)
    0x08001a9c   0x08001a9c   0x00000002   Code   RO         4512    i.HCLL_Read_buffer_size  Rafael_BLE_MM32F032xx_s.lib(ll.o)
    0x08001a9e   0x08001a9e   0x00000002   PAD
    0x08001aa0   0x08001aa0   0x00000034   Code   RO         4513    i.HCLL_Read_rssi    Rafael_BLE_MM32F032xx_s.lib(ll.o)
    0x08001ad4   0x08001ad4   0x0000001a   Code   RO         4514    i.HCLL_Reset        Rafael_BLE_MM32F032xx_s.lib(ll.o)
    0x08001aee   0x08001aee   0x00000002   Code   RO         4515    i.HCLL_Set_Ctrler_to_Host_Flow_Ctrl  Rafael_BLE_MM32F032xx_s.lib(ll.o)
    0x08001af0   0x08001af0   0x0000003c   Code   RO         4516    i.HCLL_Set_Event_Mask  Rafael_BLE_MM32F032xx_s.lib(ll.o)
    0x08001b2c   0x08001b2c   0x00000024   Code   RO         4517    i.HCLL_Set_Event_Mask_Page_2  Rafael_BLE_MM32F032xx_s.lib(ll.o)
    0x08001b50   0x08001b50   0x00000002   Code   RO         4518    i.HCLL_Write_Le_Host_Support  Rafael_BLE_MM32F032xx_s.lib(ll.o)
    0x08001b52   0x08001b52   0x00000002   Code   RO         4519    i.HCLL_Write_authen_payload_timeout  Rafael_BLE_MM32F032xx_s.lib(ll.o)
    0x08001b54   0x08001b54   0x00000018   Code   RO         4376    i.HSPF_Att_Read     Rafael_BLE_MM32F032xx_s.lib(host.o)
    0x08001b6c   0x08001b6c   0x0000001c   Code   RO         4377    i.HSPF_Att_Write    Rafael_BLE_MM32F032xx_s.lib(host.o)
    0x08001b88   0x08001b88   0x00000024   Code   RO         4378    i.Host_Root         Rafael_BLE_MM32F032xx_s.lib(host.o)
    0x08001bac   0x08001bac   0x0000005c   Code   RO         4064    i.KernelInit        Rafael_BLE_MM32F032xx_s.lib(kernel.o)
    0x08001c08   0x08001c08   0x00000020   Code   RO         4065    i.Knl_CodeComp      Rafael_BLE_MM32F032xx_s.lib(kernel.o)
    0x08001c28   0x08001c28   0x00000012   Code   RO         4067    i.Knl_CodeCpy       Rafael_BLE_MM32F032xx_s.lib(kernel.o)
    0x08001c3a   0x08001c3a   0x0000001c   Code   RO         4069    i.Knl_CodeCpyInv_Isr  Rafael_BLE_MM32F032xx_s.lib(kernel.o)
    0x08001c56   0x08001c56   0x00000012   Code   RO         4070    i.Knl_CodeCpy_Isr   Rafael_BLE_MM32F032xx_s.lib(kernel.o)
    0x08001c68   0x08001c68   0x00000020   Code   RO         4071    i.Knl_MemComp       Rafael_BLE_MM32F032xx_s.lib(kernel.o)
    0x08001c88   0x08001c88   0x00000020   Code   RO         4072    i.Knl_MemComp_Isr   Rafael_BLE_MM32F032xx_s.lib(kernel.o)
    0x08001ca8   0x08001ca8   0x00000012   Code   RO         4073    i.Knl_MemCpy        Rafael_BLE_MM32F032xx_s.lib(kernel.o)
    0x08001cba   0x08001cba   0x0000001c   Code   RO         4074    i.Knl_MemCpyInv     Rafael_BLE_MM32F032xx_s.lib(kernel.o)
    0x08001cd6   0x08001cd6   0x0000001c   Code   RO         4075    i.Knl_MemCpyInv_Isr  Rafael_BLE_MM32F032xx_s.lib(kernel.o)
    0x08001cf2   0x08001cf2   0x00000018   Code   RO         4076    i.Knl_MemCpy_Fwd    Rafael_BLE_MM32F032xx_s.lib(kernel.o)
    0x08001d0a   0x08001d0a   0x00000012   Code   RO         4077    i.Knl_MemCpy_Isr    Rafael_BLE_MM32F032xx_s.lib(kernel.o)
    0x08001d1c   0x08001d1c   0x00000024   Code   RO         5946    i.L2CAP_Root        Rafael_BLE_MM32F032xx_s.lib(l2cap.o)
    0x08001d40   0x08001d40   0x000001cc   Code   RO         4520    i.LLEC_LE_CCM_Manual  Rafael_BLE_MM32F032xx_s.lib(ll.o)
    0x08001f0c   0x08001f0c   0x00000030   Code   RO         4521    i.LLEC_LE_Encrypt   Rafael_BLE_MM32F032xx_s.lib(ll.o)
    0x08001f3c   0x08001f3c   0x00000064   Code   RO         4522    i.LLEC_LE_Long_term_key_req_reply  Rafael_BLE_MM32F032xx_s.lib(ll.o)
    0x08001fa0   0x08001fa0   0x0000004c   Code   RO         4523    i.LLEC_LE_Rand      Rafael_BLE_MM32F032xx_s.lib(ll.o)
    0x08001fec   0x08001fec   0x0000008c   Code   RO         4524    i.LLEC_LE_Start_encryption  Rafael_BLE_MM32F032xx_s.lib(ll.o)
    0x08002078   0x08002078   0x0000001a   Code   RO         4525    i.LLHC_ERR_CODE_Invalid_Lmp_Parameters  Rafael_BLE_MM32F032xx_s.lib(ll.o)
    0x08002092   0x08002092   0x0000001a   Code   RO         4526    i.LLHC_ERR_CODE_Unknown_Hci_Command  Rafael_BLE_MM32F032xx_s.lib(ll.o)
    0x080020ac   0x080020ac   0x000003f8   Code   RO         4527    i.LLHC_LE_Ctrl_Pkt  Rafael_BLE_MM32F032xx_s.lib(ll.o)
    0x080024a4   0x080024a4   0x0000006c   Code   RO         4528    i.LLHeaderRdy_Isr   Rafael_BLE_MM32F032xx_s.lib(ll.o)
    0x08002510   0x08002510   0x0000000c   Code   RO         5291    i.LLTimeline_Get    Rafael_BLE_MM32F032xx_s.lib(rf_phy.o)
    0x0800251c   0x0800251c   0x00000118   Code   RO         4529    i.LLTimerFIFOGetSend_Isr  Rafael_BLE_MM32F032xx_s.lib(ll.o)
    0x08002634   0x08002634   0x00000fec   Code   RO         4530    i.LLTimer_Isr       Rafael_BLE_MM32F032xx_s.lib(ll.o)
    0x08003620   0x08003620   0x00000044   Code   RO         4531    i.LLTimer_TmrRefUpd_Isr  Rafael_BLE_MM32F032xx_s.lib(ll.o)
    0x08003664   0x08003664   0x00000298   Code   RO         4532    i.LLWTRFIFOGet_Isr  Rafael_BLE_MM32F032xx_s.lib(ll.o)
    0x080038fc   0x080038fc   0x00000024   Code   RO         4533    i.LLWTR_Buffer_nAck_Isr  Rafael_BLE_MM32F032xx_s.lib(ll.o)
    0x08003920   0x08003920   0x0000006c   Code   RO         4534    i.LLWTR_Buffer_wAck_Isr  Rafael_BLE_MM32F032xx_s.lib(ll.o)
    0x0800398c   0x0800398c   0x00000900   Code   RO         4535    i.LLWTR_Isr         Rafael_BLE_MM32F032xx_s.lib(ll.o)
    0x0800428c   0x0800428c   0x00000058   Code   RO         4536    i.LLWTR_MDset       Rafael_BLE_MM32F032xx_s.lib(ll.o)
    0x080042e4   0x080042e4   0x00000418   Code   RO         4537    i.LLWTR_Rx2Hc       Rafael_BLE_MM32F032xx_s.lib(ll.o)
    0x080046fc   0x080046fc   0x00000016   Code   RO         4538    i.LLWTR_TxEndRpt    Rafael_BLE_MM32F032xx_s.lib(ll.o)
    0x08004712   0x08004712   0x00000002   PAD
    0x08004714   0x08004714   0x00000310   Code   RO         4539    i.LL_Buffer_To_FIFO_Isr  Rafael_BLE_MM32F032xx_s.lib(ll.o)
    0x08004a24   0x08004a24   0x00000018   Code   RO         4540    i.LL_CheckConnExist  Rafael_BLE_MM32F032xx_s.lib(ll.o)
    0x08004a3c   0x08004a3c   0x00000098   Code   RO         4541    i.LL_Data2ConnTxFIFO  Rafael_BLE_MM32F032xx_s.lib(ll.o)
    0x08004ad4   0x08004ad4   0x0000007c   Code   RO         4542    i.LL_Data2ConnTxFIFO_smp  Rafael_BLE_MM32F032xx_s.lib(ll.o)
    0x08004b50   0x08004b50   0x00000054   Code   RO         4543    i.LL_Data2ConnTxFIFO_smp_Isr  Rafael_BLE_MM32F032xx_s.lib(ll.o)
    0x08004ba4   0x08004ba4   0x00000078   Code   RO         4544    i.LL_EventCounter_Map_Upd  Rafael_BLE_MM32F032xx_s.lib(ll.o)
    0x08004c1c   0x08004c1c   0x000000d8   Code   RO         4545    i.LL_GPIO_Isr       Rafael_BLE_MM32F032xx_s.lib(ll.o)
    0x08004cf4   0x08004cf4   0x0000001c   Code   RO         4546    i.LL_GetSlaveFreeConnID  Rafael_BLE_MM32F032xx_s.lib(ll.o)
    0x08004d10   0x08004d10   0x00000020   Code   RO         4547    i.LL_MsgBlk_LL_conn_Para_Rls  Rafael_BLE_MM32F032xx_s.lib(ll.o)
    0x08004d30   0x08004d30   0x00000038   Code   RO         4548    i.LL_Msg_CTRL_PKT   Rafael_BLE_MM32F032xx_s.lib(ll.o)
    0x08004d68   0x08004d68   0x00000038   Code   RO         4549    i.LL_Msg_CTRL_PKT_Isr  Rafael_BLE_MM32F032xx_s.lib(ll.o)
    0x08004da0   0x08004da0   0x0000001a   Code   RO         4550    i.LL_Msg_Event_Disconn_Complete  Rafael_BLE_MM32F032xx_s.lib(ll.o)
    0x08004dba   0x08004dba   0x0000001e   Code   RO         4551    i.LL_Msg_Event_Encrypt_Change  Rafael_BLE_MM32F032xx_s.lib(ll.o)
    0x08004dd8   0x08004dd8   0x0000001e   Code   RO         4552    i.LL_Msg_Event_Le_Data_Length_Change  Rafael_BLE_MM32F032xx_s.lib(ll.o)
    0x08004df6   0x08004df6   0x00000020   Code   RO         4553    i.LL_Msg_Event_Le_PHY_Update_Complete  Rafael_BLE_MM32F032xx_s.lib(ll.o)
    0x08004e16   0x08004e16   0x0000001a   Code   RO         4554    i.LL_Msg_Event_Status  Rafael_BLE_MM32F032xx_s.lib(ll.o)
    0x08004e30   0x08004e30   0x00000016   Code   RO         4555    i.LL_Msg_Map_Upd    Rafael_BLE_MM32F032xx_s.lib(ll.o)
    0x08004e46   0x08004e46   0x00000002   PAD
    0x08004e48   0x08004e48   0x00000018   Code   RO         4556    i.LL_NextConnCh     Rafael_BLE_MM32F032xx_s.lib(ll.o)
    0x08004e60   0x08004e60   0x000000a8   Code   RO         4557    i.LL_Queue_To_Buffer_Isr  Rafael_BLE_MM32F032xx_s.lib(ll.o)
    0x08004f08   0x08004f08   0x000000e0   Code   RO         4558    i.LL_ReleaseConnID  Rafael_BLE_MM32F032xx_s.lib(ll.o)
    0x08004fe8   0x08004fe8   0x000000f4   Code   RO         4559    i.LL_ReleaseConnID_Isr  Rafael_BLE_MM32F032xx_s.lib(ll.o)
    0x080050dc   0x080050dc   0x00000054   Code   RO         4560    i.LL_RfChRemap      Rafael_BLE_MM32F032xx_s.lib(ll.o)
    0x08005130   0x08005130   0x00000024   Code   RO         4561    i.LL_Root           Rafael_BLE_MM32F032xx_s.lib(ll.o)
    0x08005154   0x08005154   0x00000054   Code   RO         4562    i.LL_RxEnter_Isr    Rafael_BLE_MM32F032xx_s.lib(ll.o)
    0x080051a8   0x080051a8   0x0000001c   Code   RO         4564    i.LL_Slv_Win_Width_Incr  Rafael_BLE_MM32F032xx_s.lib(ll.o)
    0x080051c4   0x080051c4   0x00000024   Code   RO         4565    i.LL_Slv_Win_Width_Reset  Rafael_BLE_MM32F032xx_s.lib(ll.o)
    0x080051e8   0x080051e8   0x00000030   Code   RO         4566    i.LL_SvPrToutAccu_Incr  Rafael_BLE_MM32F032xx_s.lib(ll.o)
    0x08005218   0x08005218   0x0000002c   Code   RO         4567    i.LL_TmrBlk_Pt_PairRst  Rafael_BLE_MM32F032xx_s.lib(ll.o)
    0x08005244   0x08005244   0x0000003c   Code   RO         4568    i.LL_TmrBlk_Rls     Rafael_BLE_MM32F032xx_s.lib(ll.o)
    0x08005280   0x08005280   0x00000024   Code   RO         4569    i.LL_TmrBlk_Rls_NxtIntvl  Rafael_BLE_MM32F032xx_s.lib(ll.o)
    0x080052a4   0x080052a4   0x0000004c   Code   RO         4570    i.LL_TmrBlk_Rls_Pair  Rafael_BLE_MM32F032xx_s.lib(ll.o)
    0x080052f0   0x080052f0   0x00000080   Code   RO         4571    i.LL_Tmr_FIFO_ADVrpt  Rafael_BLE_MM32F032xx_s.lib(ll.o)
    0x08005370   0x08005370   0x00000058   Code   RO         4572    i.LL_TxEnter_Isr    Rafael_BLE_MM32F032xx_s.lib(ll.o)
    0x080053c8   0x080053c8   0x00000044   Code   RO         4573    i.LL_smp_SKD_IV_genIn  Rafael_BLE_MM32F032xx_s.lib(ll.o)
    0x0800540c   0x0800540c   0x0000003a   Code   RO          612    i.MCU_GpioIntDisable  porting_misc.o
    0x08005446   0x08005446   0x0000003e   Code   RO          613    i.MCU_GpioIntEnable  porting_misc.o
    0x08005484   0x08005484   0x0000002c   Code   RO          614    i.MCU_GpioPinInit   porting_misc.o
    0x080054b0   0x080054b0   0x00000004   Code   RO         4574    i.MEC_HCI_Null      Rafael_BLE_MM32F032xx_s.lib(ll.o)
    0x080054b4   0x080054b4   0x0000021c   Code   RO         4003    i.MHC_Callback      Rafael_BLE_MM32F032xx_s.lib(ble_event.o)
    0x080056d0   0x080056d0   0x00000002   Code   RO         5721    i.MHC_Event_Authen_Payload_Timeout_Expired  Rafael_BLE_MM32F032xx_s.lib(hci.o)
    0x080056d2   0x080056d2   0x00000002   PAD
    0x080056d4   0x080056d4   0x00000098   Code   RO         5722    i.MHC_Event_Cmd_Complete  Rafael_BLE_MM32F032xx_s.lib(hci.o)
    0x0800576c   0x0800576c   0x00000014   Code   RO         5723    i.MHC_Event_Cmd_Status  Rafael_BLE_MM32F032xx_s.lib(hci.o)
    0x08005780   0x08005780   0x00000002   Code   RO         5724    i.MHC_Event_Data_Buffer_Overflow  Rafael_BLE_MM32F032xx_s.lib(hci.o)
    0x08005782   0x08005782   0x00000002   PAD
    0x08005784   0x08005784   0x00000024   Code   RO         5725    i.MHC_Event_Disconn_Complete  Rafael_BLE_MM32F032xx_s.lib(hci.o)
    0x080057a8   0x080057a8   0x000000f8   Code   RO         5726    i.MHC_Event_Encrypt_Change  Rafael_BLE_MM32F032xx_s.lib(hci.o)
    0x080058a0   0x080058a0   0x00000058   Code   RO         5727    i.MHC_Event_Encrypt_Key_Refresh_Complete  Rafael_BLE_MM32F032xx_s.lib(hci.o)
    0x080058f8   0x080058f8   0x00000004   Code   RO         5728    i.MHC_Event_HCI_Raw  Rafael_BLE_MM32F032xx_s.lib(hci.o)
    0x080058fc   0x080058fc   0x00000002   Code   RO         5729    i.MHC_Event_Hardware_Error  Rafael_BLE_MM32F032xx_s.lib(hci.o)
    0x080058fe   0x080058fe   0x00000002   PAD
    0x08005900   0x08005900   0x00000028   Code   RO         5730    i.MHC_Event_Le_Adv_Report  Rafael_BLE_MM32F032xx_s.lib(hci.o)
    0x08005928   0x08005928   0x0000007c   Code   RO         5731    i.MHC_Event_Le_Conn_Complete  Rafael_BLE_MM32F032xx_s.lib(hci.o)
    0x080059a4   0x080059a4   0x0000002c   Code   RO         5732    i.MHC_Event_Le_Conn_Update_Complete  Rafael_BLE_MM32F032xx_s.lib(hci.o)
    0x080059d0   0x080059d0   0x00000028   Code   RO         5733    i.MHC_Event_Le_Data_Length_Change  Rafael_BLE_MM32F032xx_s.lib(hci.o)
    0x080059f8   0x080059f8   0x000000e8   Code   RO         5734    i.MHC_Event_Le_Long_Term_Key_Req  Rafael_BLE_MM32F032xx_s.lib(hci.o)
    0x08005ae0   0x08005ae0   0x00000028   Code   RO         5735    i.MHC_Event_Le_PHY_Update_Complete  Rafael_BLE_MM32F032xx_s.lib(hci.o)
    0x08005b08   0x08005b08   0x0000001c   Code   RO         5736    i.MHC_Event_Le_Read_Remote_Used_Features_Complete  Rafael_BLE_MM32F032xx_s.lib(hci.o)
    0x08005b24   0x08005b24   0x0000000c   Code   RO         5737    i.MHC_Event_Le_Remote_Conn_param_Req_Event  Rafael_BLE_MM32F032xx_s.lib(hci.o)
    0x08005b30   0x08005b30   0x0000000e   Code   RO         5738    i.MHC_Event_Le_Wait_Passkey_Confrim  Rafael_BLE_MM32F032xx_s.lib(hci.o)
    0x08005b3e   0x08005b3e   0x00000002   Code   RO         5739    i.MHC_Event_Null    Rafael_BLE_MM32F032xx_s.lib(hci.o)
    0x08005b40   0x08005b40   0x00000004   Code   RO         5740    i.MHC_Event_Num_Of_Completed_Pckts  Rafael_BLE_MM32F032xx_s.lib(hci.o)
    0x08005b44   0x08005b44   0x00000010   Code   RO         5741    i.MHC_Event_Read_Remote_Ver_Info_Complete  Rafael_BLE_MM32F032xx_s.lib(hci.o)
    0x08005b54   0x08005b54   0x0000000e   Code   RO         5742    i.MHC_Event_STK_Gen_Method  Rafael_BLE_MM32F032xx_s.lib(hci.o)
    0x08005b62   0x08005b62   0x0000000e   Code   RO         5743    i.MHC_Evnet_Auth_Status  Rafael_BLE_MM32F032xx_s.lib(hci.o)
    0x08005b70   0x08005b70   0x00000044   Code   RO         5744    i.MHC_LE_ACL_Data_Pkt  Rafael_BLE_MM32F032xx_s.lib(hci.o)
    0x08005bb4   0x08005bb4   0x00000004   Code   RO         5745    i.MHC_LE_ACL_Data_Pkt_Extend  Rafael_BLE_MM32F032xx_s.lib(hci.o)
    0x08005bb8   0x08005bb8   0x00000002   Code   RO         4379    i.MHS_Event_Null    Rafael_BLE_MM32F032xx_s.lib(host.o)
    0x08005bba   0x08005bba   0x00000002   Code   RO         5947    i.ML2CAP_Event_Null  Rafael_BLE_MM32F032xx_s.lib(l2cap.o)
    0x08005bbc   0x08005bbc   0x00000004   Code   RO         4575    i.MLL_HCI_Null      Rafael_BLE_MM32F032xx_s.lib(ll.o)
    0x08005bc0   0x08005bc0   0x00000004   Code   RO         4576    i.MLL_LE_Ctrl_Pkt   Rafael_BLE_MM32F032xx_s.lib(ll.o)
    0x08005bc4   0x08005bc4   0x00000018   Code   RO         4577    i.MLL_LL_CHN_Map_Upd  Rafael_BLE_MM32F032xx_s.lib(ll.o)
    0x08005bdc   0x08005bdc   0x0000001c   Code   RO         4578    i.MLL_LL_Enc_Req    Rafael_BLE_MM32F032xx_s.lib(ll.o)
    0x08005bf8   0x08005bf8   0x00000050   Code   RO         1929    i.NVIC_Init         hal_misc.o
    0x08005c48   0x08005c48   0x00000044   Code   RO          505    i.NVIC_SetPriority  systick.o
    0x08005c8c   0x08005c8c   0x00000036   Code   RO         5996    i.PassEC_BLE_CODE_SMP  Rafael_BLE_MM32F032xx_s.lib(mmi.o)
    0x08005cc2   0x08005cc2   0x00000002   PAD
    0x08005cc4   0x08005cc4   0x00000024   Code   RO         5997    i.Prcss_BLE_CODE_SMP_Encryption_Information  Rafael_BLE_MM32F032xx_s.lib(mmi.o)
    0x08005ce8   0x08005ce8   0x00000004   Code   RO         5998    i.Prcss_BLE_CODE_SMP_Identity_Address_Information  Rafael_BLE_MM32F032xx_s.lib(mmi.o)
    0x08005cec   0x08005cec   0x00000024   Code   RO         5999    i.Prcss_BLE_CODE_SMP_Identity_Information  Rafael_BLE_MM32F032xx_s.lib(mmi.o)
    0x08005d10   0x08005d10   0x0000003c   Code   RO         6000    i.Prcss_BLE_CODE_SMP_Master_Identification  Rafael_BLE_MM32F032xx_s.lib(mmi.o)
    0x08005d4c   0x08005d4c   0x00000068   Code   RO         6001    i.Prcss_BLE_CODE_SMP_Pairing_Confirm  Rafael_BLE_MM32F032xx_s.lib(mmi.o)
    0x08005db4   0x08005db4   0x00000034   Code   RO         6002    i.Prcss_BLE_CODE_SMP_Pairing_Failed  Rafael_BLE_MM32F032xx_s.lib(mmi.o)
    0x08005de8   0x08005de8   0x0000001c   Code   RO         6003    i.Prcss_BLE_CODE_SMP_Pairing_Random  Rafael_BLE_MM32F032xx_s.lib(mmi.o)
    0x08005e04   0x08005e04   0x00000100   Code   RO         6004    i.Prcss_BLE_CODE_SMP_Pairing_Request  Rafael_BLE_MM32F032xx_s.lib(mmi.o)
    0x08005f04   0x08005f04   0x00000004   Code   RO         6005    i.Prcss_BLE_CODE_SMP_Pairing_Response  Rafael_BLE_MM32F032xx_s.lib(mmi.o)
    0x08005f08   0x08005f08   0x00000004   Code   RO         6006    i.Prcss_BLE_CODE_SMP_Reserved  Rafael_BLE_MM32F032xx_s.lib(mmi.o)
    0x08005f0c   0x08005f0c   0x00000004   Code   RO         6007    i.Prcss_BLE_CODE_SMP_Security_Request  Rafael_BLE_MM32F032xx_s.lib(mmi.o)
    0x08005f10   0x08005f10   0x00000024   Code   RO         6008    i.Prcss_BLE_CODE_SMP_Signing_Information  Rafael_BLE_MM32F032xx_s.lib(mmi.o)
    0x08005f34   0x08005f34   0x00000004   Code   RO         6009    i.Prcss_L2CAP_CID_AMP_MANAGER_PROTOCOL  Rafael_BLE_MM32F032xx_s.lib(mmi.o)
    0x08005f38   0x08005f38   0x00000070   Code   RO         6010    i.Prcss_L2CAP_CID_ATTRIBUTE_PROTOCOL  Rafael_BLE_MM32F032xx_s.lib(mmi.o)
    0x08005fa8   0x08005fa8   0x00000004   Code   RO         6011    i.Prcss_L2CAP_CID_CONNECTIONLESS_CHANNEL  Rafael_BLE_MM32F032xx_s.lib(mmi.o)
    0x08005fac   0x08005fac   0x00000004   Code   RO         6012    i.Prcss_L2CAP_CID_L2CAP_SIGNALING_CHANNEL  Rafael_BLE_MM32F032xx_s.lib(mmi.o)
    0x08005fb0   0x08005fb0   0x00000068   Code   RO         6013    i.Prcss_L2CAP_CID_LE_L2CAP_SIGNALING_CHANNEL  Rafael_BLE_MM32F032xx_s.lib(mmi.o)
    0x08006018   0x08006018   0x00000004   Code   RO         6014    i.Prcss_L2CAP_CID_NULL_IDENTIFIER  Rafael_BLE_MM32F032xx_s.lib(mmi.o)
    0x0800601c   0x0800601c   0x0000002c   Code   RO         6015    i.Prcss_L2CAP_CID_SECURITY_MANAGER_PROTOCOL  Rafael_BLE_MM32F032xx_s.lib(mmi.o)
    0x08006048   0x08006048   0x00000004   Code   RO         6016    i.Prcss_OPCODE_ATT_Error_Response  Rafael_BLE_MM32F032xx_s.lib(mmi.o)
    0x0800604c   0x0800604c   0x00000054   Code   RO         6017    i.Prcss_OPCODE_ATT_Exchange_MTU_Request  Rafael_BLE_MM32F032xx_s.lib(mmi.o)
    0x080060a0   0x080060a0   0x00000030   Code   RO         6018    i.Prcss_OPCODE_ATT_Exchange_MTU_Response  Rafael_BLE_MM32F032xx_s.lib(mmi.o)
    0x080060d0   0x080060d0   0x00000104   Code   RO         6019    i.Prcss_OPCODE_ATT_Execute_Write_Request  Rafael_BLE_MM32F032xx_s.lib(mmi.o)
    0x080061d4   0x080061d4   0x00000004   Code   RO         6020    i.Prcss_OPCODE_ATT_Execute_Write_Response  Rafael_BLE_MM32F032xx_s.lib(mmi.o)
    0x080061d8   0x080061d8   0x00000160   Code   RO         6021    i.Prcss_OPCODE_ATT_Find_By_Type_Value_Request  Rafael_BLE_MM32F032xx_s.lib(mmi.o)
    0x08006338   0x08006338   0x00000004   Code   RO         6022    i.Prcss_OPCODE_ATT_Find_By_Type_Value_Response  Rafael_BLE_MM32F032xx_s.lib(mmi.o)
    0x0800633c   0x0800633c   0x00000178   Code   RO         6023    i.Prcss_OPCODE_ATT_Find_Information_Request  Rafael_BLE_MM32F032xx_s.lib(mmi.o)
    0x080064b4   0x080064b4   0x00000004   Code   RO         6024    i.Prcss_OPCODE_ATT_Find_Information_Response  Rafael_BLE_MM32F032xx_s.lib(mmi.o)
    0x080064b8   0x080064b8   0x00000010   Code   RO         6025    i.Prcss_OPCODE_ATT_Handle_Value_Confirmation  Rafael_BLE_MM32F032xx_s.lib(mmi.o)
    0x080064c8   0x080064c8   0x00000004   Code   RO         6026    i.Prcss_OPCODE_ATT_Handle_Value_Indication  Rafael_BLE_MM32F032xx_s.lib(mmi.o)
    0x080064cc   0x080064cc   0x00000004   Code   RO         6027    i.Prcss_OPCODE_ATT_Handle_Value_Notification  Rafael_BLE_MM32F032xx_s.lib(mmi.o)
    0x080064d0   0x080064d0   0x00000004   Code   RO         6028    i.Prcss_OPCODE_ATT_NULL  Rafael_BLE_MM32F032xx_s.lib(mmi.o)
    0x080064d4   0x080064d4   0x00000120   Code   RO         6029    i.Prcss_OPCODE_ATT_Prepare_Write_Request  Rafael_BLE_MM32F032xx_s.lib(mmi.o)
    0x080065f4   0x080065f4   0x00000004   Code   RO         6030    i.Prcss_OPCODE_ATT_Prepare_Write_Response  Rafael_BLE_MM32F032xx_s.lib(mmi.o)
    0x080065f8   0x080065f8   0x00000158   Code   RO         6031    i.Prcss_OPCODE_ATT_Read_Blob_Request  Rafael_BLE_MM32F032xx_s.lib(mmi.o)
    0x08006750   0x08006750   0x00000004   Code   RO         6032    i.Prcss_OPCODE_ATT_Read_Blob_Response  Rafael_BLE_MM32F032xx_s.lib(mmi.o)
    0x08006754   0x08006754   0x00000278   Code   RO         6033    i.Prcss_OPCODE_ATT_Read_By_Type_Request  Rafael_BLE_MM32F032xx_s.lib(mmi.o)
    0x080069cc   0x080069cc   0x00000004   Code   RO         6034    i.Prcss_OPCODE_ATT_Read_By_Type_Response  Rafael_BLE_MM32F032xx_s.lib(mmi.o)
    0x080069d0   0x080069d0   0x00000024   Code   RO         6035    i.Prcss_OPCODE_ATT_Read_Multiple_Request  Rafael_BLE_MM32F032xx_s.lib(mmi.o)
    0x080069f4   0x080069f4   0x00000004   Code   RO         6036    i.Prcss_OPCODE_ATT_Read_Multiple_Response  Rafael_BLE_MM32F032xx_s.lib(mmi.o)
    0x080069f8   0x080069f8   0x00000130   Code   RO         6037    i.Prcss_OPCODE_ATT_Read_Request  Rafael_BLE_MM32F032xx_s.lib(mmi.o)
    0x08006b28   0x08006b28   0x00000004   Code   RO         6038    i.Prcss_OPCODE_ATT_Read_Response  Rafael_BLE_MM32F032xx_s.lib(mmi.o)
    0x08006b2c   0x08006b2c   0x000002f4   Code   RO         6039    i.Prcss_OPCODE_ATT_Read_by_Group_Type_Request  Rafael_BLE_MM32F032xx_s.lib(mmi.o)
    0x08006e20   0x08006e20   0x00000004   Code   RO         6040    i.Prcss_OPCODE_ATT_Read_by_Group_Type_Response  Rafael_BLE_MM32F032xx_s.lib(mmi.o)
    0x08006e24   0x08006e24   0x00000004   Code   RO         6041    i.Prcss_OPCODE_ATT_Signed_Write_Command  Rafael_BLE_MM32F032xx_s.lib(mmi.o)
    0x08006e28   0x08006e28   0x000000e4   Code   RO         6042    i.Prcss_OPCODE_ATT_Write_Command  Rafael_BLE_MM32F032xx_s.lib(mmi.o)
    0x08006f0c   0x08006f0c   0x00000128   Code   RO         6043    i.Prcss_OPCODE_ATT_Write_Request  Rafael_BLE_MM32F032xx_s.lib(mmi.o)
    0x08007034   0x08007034   0x0000000c   Code   RO         6044    i.Prcss_OPCODE_ATT_Write_Response  Rafael_BLE_MM32F032xx_s.lib(mmi.o)
    0x08007040   0x08007040   0x00000018   Code   RO         2045    i.RCC_AHBPeriphClockCmd  hal_rcc.o
    0x08007058   0x08007058   0x00000018   Code   RO         2047    i.RCC_APB1PeriphClockCmd  hal_rcc.o
    0x08007070   0x08007070   0x00000018   Code   RO         2049    i.RCC_APB2PeriphClockCmd  hal_rcc.o
    0x08007088   0x08007088   0x00000020   Code   RO         2058    i.RCC_GetHCLKFreq   hal_rcc.o
    0x080070a8   0x080070a8   0x00000020   Code   RO         2060    i.RCC_GetPCLK1Freq  hal_rcc.o
    0x080070c8   0x080070c8   0x00000020   Code   RO         2061    i.RCC_GetPCLK2Freq  hal_rcc.o
    0x080070e8   0x080070e8   0x00000048   Code   RO         2063    i.RCC_GetSysClockFreq  hal_rcc.o
    0x08007130   0x08007130   0x0000001c   Code   RO         5293    i.RF_CCM_AES_Mode_set  Rafael_BLE_MM32F032xx_s.lib(rf_phy.o)
    0x0800714c   0x0800714c   0x0000000e   Code   RO         5294    i.RF_CRCInit        Rafael_BLE_MM32F032xx_s.lib(rf_phy.o)
    0x0800715a   0x0800715a   0x00000014   Code   RO         5295    i.RF_CRCchk         Rafael_BLE_MM32F032xx_s.lib(rf_phy.o)
    0x0800716e   0x0800716e   0x00000002   PAD
    0x08007170   0x08007170   0x0000002c   Code   RO         5296    i.RF_DC_Rstr_Isr    Rafael_BLE_MM32F032xx_s.lib(rf_phy.o)
    0x0800719c   0x0800719c   0x00000070   Code   RO         5299    i.RF_Get_LastRssi   Rafael_BLE_MM32F032xx_s.lib(rf_phy.o)
    0x0800720c   0x0800720c   0x00000010   Code   RO         5301    i.RF_Header_Rdy_intOn  Rafael_BLE_MM32F032xx_s.lib(rf_phy.o)
    0x0800721c   0x0800721c   0x00000168   Code   RO         5302    i.RF_Init           Rafael_BLE_MM32F032xx_s.lib(rf_phy.o)
    0x08007384   0x08007384   0x00000014   Code   RO         5303    i.RF_IntReset       Rafael_BLE_MM32F032xx_s.lib(rf_phy.o)
    0x08007398   0x08007398   0x00000018   Code   RO         5305    i.RF_LE_HeaderStsLen_Tx  Rafael_BLE_MM32F032xx_s.lib(rf_phy.o)
    0x080073b0   0x080073b0   0x00000068   Code   RO           75    i.RF_Open           main.o
    0x08007418   0x08007418   0x0000000e   Code   RO         5306    i.RF_PLL_VCO_Bank_set  Rafael_BLE_MM32F032xx_s.lib(rf_phy.o)
    0x08007426   0x08007426   0x00000002   PAD
    0x08007428   0x08007428   0x00000044   Code   RO         5307    i.RF_PowerSaving_En_Isr  Rafael_BLE_MM32F032xx_s.lib(rf_phy.o)
    0x0800746c   0x0800746c   0x0000000c   Code   RO         5310    i.RF_RxLengthLimit  Rafael_BLE_MM32F032xx_s.lib(rf_phy.o)
    0x08007478   0x08007478   0x00000010   Code   RO         5311    i.RF_Set_TxPowerLevel_Isr  Rafael_BLE_MM32F032xx_s.lib(rf_phy.o)
    0x08007488   0x08007488   0x0000009c   Code   RO          618    i.RF_SpiIoMapping   porting_misc.o
    0x08007524   0x08007524   0x00000034   Code   RO         5312    i.RF_SymbolRate_Patch_1M_2M  Rafael_BLE_MM32F032xx_s.lib(rf_phy.o)
    0x08007558   0x08007558   0x00000024   Code   RO         5313    i.RF_SymbolRate_set  Rafael_BLE_MM32F032xx_s.lib(rf_phy.o)
    0x0800757c   0x0800757c   0x000000e0   Code   RO         5317    i.RF_Tmr_Periodic_initial  Rafael_BLE_MM32F032xx_s.lib(rf_phy.o)
    0x0800765c   0x0800765c   0x0000005c   Code   RO         5318    i.RF_Tmr_Periodic_set_ISR  Rafael_BLE_MM32F032xx_s.lib(rf_phy.o)
    0x080076b8   0x080076b8   0x00000018   Code   RO         5319    i.RF_TxAutoAckOff   Rafael_BLE_MM32F032xx_s.lib(rf_phy.o)
    0x080076d0   0x080076d0   0x00000018   Code   RO         5320    i.RF_TxAutoAckOn    Rafael_BLE_MM32F032xx_s.lib(rf_phy.o)
    0x080076e8   0x080076e8   0x00000018   Code   RO         5321    i.RF_TxFIFO_ADVData_set  Rafael_BLE_MM32F032xx_s.lib(rf_phy.o)
    0x08007700   0x08007700   0x00000018   Code   RO         5322    i.RF_TxFIFO_ADVaddr_set  Rafael_BLE_MM32F032xx_s.lib(rf_phy.o)
    0x08007718   0x08007718   0x00000020   Code   RO         5323    i.RF_TxFIFO_LeData_set  Rafael_BLE_MM32F032xx_s.lib(rf_phy.o)
    0x08007738   0x08007738   0x0000001c   Code   RO         5324    i.RF_TxFIFO_LeData_wIdx_set  Rafael_BLE_MM32F032xx_s.lib(rf_phy.o)
    0x08007754   0x08007754   0x0000001c   Code   RO         5325    i.RF_TxFIFO_OriginAddr_set  Rafael_BLE_MM32F032xx_s.lib(rf_phy.o)
    0x08007770   0x08007770   0x00000068   Code   RO         5326    i.RF_Voltage_Det    Rafael_BLE_MM32F032xx_s.lib(rf_phy.o)
    0x080077d8   0x080077d8   0x00000014   Code   RO         5327    i.RF_WTR_EnChk      Rafael_BLE_MM32F032xx_s.lib(rf_phy.o)
    0x080077ec   0x080077ec   0x00000018   Code   RO         5330    i.RF_WTR_intOff     Rafael_BLE_MM32F032xx_s.lib(rf_phy.o)
    0x08007804   0x08007804   0x00000018   Code   RO         5331    i.RF_WTR_intOn      Rafael_BLE_MM32F032xx_s.lib(rf_phy.o)
    0x0800781c   0x0800781c   0x0000003c   Code   RO         4579    i.RF_cmpFIFO_BDAddr  Rafael_BLE_MM32F032xx_s.lib(ll.o)
    0x08007858   0x08007858   0x00000044   Code   RO         4580    i.RF_cmpFIFO_WhiteList  Rafael_BLE_MM32F032xx_s.lib(ll.o)
    0x0800789c   0x0800789c   0x00000024   Code   RO         4078    i.RcvMsgBlk         Rafael_BLE_MM32F032xx_s.lib(kernel.o)
    0x080078c0   0x080078c0   0x0000000c   Code   RO         5948    i.Rls_L2CAP_Buf     Rafael_BLE_MM32F032xx_s.lib(l2cap.o)
    0x080078cc   0x080078cc   0x00000034   Code   RO         6045    i.SMEC_LE_CODE_SMP_Pairing_Confirm  Rafael_BLE_MM32F032xx_s.lib(mmi.o)
    0x08007900   0x08007900   0x000000a0   Code   RO         6046    i.SMEC_LE_CODE_SMP_Pairing_Random  Rafael_BLE_MM32F032xx_s.lib(mmi.o)
    0x080079a0   0x080079a0   0x00000090   Code   RO         6047    i.SMEC_LE_SMP_Key_Gen  Rafael_BLE_MM32F032xx_s.lib(mmi.o)
    0x08007a30   0x08007a30   0x00000058   Code   RO          702    i.SPI_1BYT_SetRx    porting_spi.o
    0x08007a88   0x08007a88   0x00000064   Code   RO          703    i.SPI_1BYT_SetRx_Isr  porting_spi.o
    0x08007aec   0x08007aec   0x0000004c   Code   RO          704    i.SPI_1BYT_SetTx    porting_spi.o
    0x08007b38   0x08007b38   0x00000048   Code   RO          705    i.SPI_1BYT_SetTx_Isr  porting_spi.o
    0x08007b80   0x08007b80   0x0000006c   Code   RO          706    i.SPI_2BYT_SetTx_Isr  porting_spi.o
    0x08007bec   0x08007bec   0x0000002e   Code   RO         2419    i.SPI_BiDirectionalLineConfig  hal_spi.o
    0x08007c1a   0x08007c1a   0x00000014   Code   RO         2420    i.SPI_CSInternalSelected  hal_spi.o
    0x08007c2e   0x08007c2e   0x00000014   Code   RO         2422    i.SPI_Cmd           hal_spi.o
    0x08007c42   0x08007c42   0x00000014   Code   RO         2423    i.SPI_DMACmd        hal_spi.o
    0x08007c56   0x08007c56   0x00000002   PAD
    0x08007c58   0x08007c58   0x00000038   Code   RO          619    i.SPI_GPIO_Init     porting_misc.o
    0x08007c90   0x08007c90   0x0000006e   Code   RO         2430    i.SPI_Init          hal_spi.o
    0x08007cfe   0x08007cfe   0x00000002   PAD
    0x08007d00   0x08007d00   0x0000006c   Code   RO          707    i.SPI_PDMA_SetRx_Isr  porting_spi.o
    0x08007d6c   0x08007d6c   0x00000074   Code   RO          708    i.SPI_PDMA_SetTx    porting_spi.o
    0x08007de0   0x08007de0   0x00000004   Code   RO          709    i.SPI_PDMA_waitFinish  porting_spi.o
    0x08007de4   0x08007de4   0x0000001a   Code   RO         2436    i.SPI_StructInit    hal_spi.o
    0x08007dfe   0x08007dfe   0x00000002   PAD
    0x08007e00   0x08007e00   0x00000164   Code   RO          413    i.SPIx_Configure    spi.o
    0x08007f64   0x08007f64   0x00000120   Code   RO          414    i.SPIx_DMA_Configure  spi.o
    0x08008084   0x08008084   0x00000030   Code   RO          415    i.SPIx_DMA_InterruptConfigure  spi.o
    0x080080b4   0x080080b4   0x000000d8   Code   RO          416    i.SPIx_DMA_RxData   spi.o
    0x0800818c   0x0800818c   0x000000cc   Code   RO          417    i.SPIx_DMA_TxData   spi.o
    0x08008258   0x08008258   0x00000044   Code   RO          418    i.SPIx_ReadWriteByte  spi.o
    0x0800829c   0x0800829c   0x0000000a   Code   RO          419    i.SPIx_WriteByte    spi.o
    0x080082a6   0x080082a6   0x00000002   PAD
    0x080082a8   0x080082a8   0x000000d0   Code   RO            4    i.SetSysClockTo48   system_mm32f032xx_s.o
    0x08008378   0x08008378   0x00000020   Code   RO         4079    i.SndMsgBlk         Rafael_BLE_MM32F032xx_s.lib(kernel.o)
    0x08008398   0x08008398   0x0000001c   Code   RO         4581    i.SndMsgBlkEC       Rafael_BLE_MM32F032xx_s.lib(ll.o)
    0x080083b4   0x080083b4   0x0000001c   Code   RO         4080    i.SndMsgBlk_Isr     Rafael_BLE_MM32F032xx_s.lib(kernel.o)
    0x080083d0   0x080083d0   0x00000030   Code   RO         4082    i.SndMsgBlks_Isr    Rafael_BLE_MM32F032xx_s.lib(kernel.o)
    0x08008400   0x08008400   0x00000010   Code   RO          506    i.SysTick_DelayMs   systick.o
    0x08008410   0x08008410   0x00000014   Code   RO          507    i.SysTick_Handler   systick.o
    0x08008424   0x08008424   0x00000048   Code   RO          508    i.SysTick_Init      systick.o
    0x0800846c   0x0800846c   0x00000054   Code   RO            5    i.SystemInit        system_mm32f032xx_s.o
    0x080084c0   0x080084c0   0x0000000c   Code   RO         3144    i.UART_Cmd          hal_uart.o
    0x080084cc   0x080084cc   0x0000000a   Code   RO         3148    i.UART_GetFlagStatus  hal_uart.o
    0x080084d6   0x080084d6   0x00000002   PAD
    0x080084d8   0x080084d8   0x00000070   Code   RO         3152    i.UART_Init         hal_uart.o
    0x08008548   0x08008548   0x00000006   Code   RO         3156    i.UART_SendData     hal_uart.o
    0x0800854e   0x0800854e   0x00000018   Code   RO         3165    i.UART_StructInit   hal_uart.o
    0x08008566   0x08008566   0x00000002   PAD
    0x08008568   0x08008568   0x0000012c   Code   RO          551    i.UARTx_Configure   uart.o
    0x08008694   0x08008694   0x00000020   Code   RO         6758    i.__0printf$8       mc_p.l(printf8.o)
    0x080086b4   0x080086b4   0x0000001a   Code   RO         4322    i.__ARM_common_switch8  Rafael_BLE_MM32F032xx_s.lib(kernel.o)
    0x080086ce   0x080086ce   0x0000000e   Code   RO         6855    i.__scatterload_copy  mc_p.l(handlers.o)
    0x080086dc   0x080086dc   0x00000002   Code   RO         6856    i.__scatterload_null  mc_p.l(handlers.o)
    0x080086de   0x080086de   0x0000000e   Code   RO         6857    i.__scatterload_zeroinit  mc_p.l(handlers.o)
    0x080086ec   0x080086ec   0x00000428   Code   RO         6765    i._printf_core      mc_p.l(printf8.o)
    0x08008b14   0x08008b14   0x00000020   Code   RO         6766    i._printf_post_padding  mc_p.l(printf8.o)
    0x08008b34   0x08008b34   0x0000002c   Code   RO         6767    i._printf_pre_padding  mc_p.l(printf8.o)
    0x08008b60   0x08008b60   0x00000094   Code   RO         6360    i.checkBLE_CmdTimer  Rafael_BLE_MM32F032xx_s.lib(rffunction.o)
    0x08008bf4   0x08008bf4   0x00000060   Code   RO         6361    i.chkBLE_ATTRIBUTE_PERMISSION_Read  Rafael_BLE_MM32F032xx_s.lib(rffunction.o)
    0x08008c54   0x08008c54   0x00000060   Code   RO         6362    i.chkBLE_ATTRIBUTE_PERMISSION_Write  Rafael_BLE_MM32F032xx_s.lib(rffunction.o)
    0x08008cb4   0x08008cb4   0x00000004   Code   RO         6363    i.chkBLE_ATT_Chr_AcssRd_ByUser  Rafael_BLE_MM32F032xx_s.lib(rffunction.o)
    0x08008cb8   0x08008cb8   0x00000004   Code   RO         6364    i.chkBLE_ATT_Chr_AcssWr_ByUser  Rafael_BLE_MM32F032xx_s.lib(rffunction.o)
    0x08008cbc   0x08008cbc   0x00000014   Code   RO         4582    i.chkBLE_LL_State_Adv  Rafael_BLE_MM32F032xx_s.lib(ll.o)
    0x08008cd0   0x08008cd0   0x00000014   Code   RO         4583    i.chkBLE_LL_State_Init  Rafael_BLE_MM32F032xx_s.lib(ll.o)
    0x08008ce4   0x08008ce4   0x00000014   Code   RO         4584    i.chkBLE_LL_State_Scan  Rafael_BLE_MM32F032xx_s.lib(ll.o)
    0x08008cf8   0x08008cf8   0x00000018   Code   RO         6365    i.chkIfBLE_ATT_Chr_Acss_ByUser  Rafael_BLE_MM32F032xx_s.lib(rffunction.o)
    0x08008d10   0x08008d10   0x00000030   Code   RO         6366    i.clearBLE_CmdTimer  Rafael_BLE_MM32F032xx_s.lib(rffunction.o)
    0x08008d40   0x08008d40   0x0000000c   Code   RO          582    i.delay_us          porting_lltimer.o
    0x08008d4c   0x08008d4c   0x00000020   Code   RO         1266    i.exEXTI_LineDisable  hal_exti.o
    0x08008d6c   0x08008d6c   0x00000024   Code   RO          552    i.fputc             uart.o
    0x08008d90   0x08008d90   0x0000001c   Code   RO         6367    i.getBLE_ATTRIBUTE_TYPE_Size  Rafael_BLE_MM32F032xx_s.lib(rffunction.o)
    0x08008dac   0x08008dac   0x00000020   Code   RO         6368    i.getBLE_ATTRIBUTE_Value_DynmcLngth  Rafael_BLE_MM32F032xx_s.lib(rffunction.o)
    0x08008dcc   0x08008dcc   0x00000014   Code   RO         6369    i.getBLE_CmdTimerEvent  Rafael_BLE_MM32F032xx_s.lib(rffunction.o)
    0x08008de0   0x08008de0   0x00000084   Code   RO         6370    i.initBLE_AttServParamter  Rafael_BLE_MM32F032xx_s.lib(rffunction.o)
    0x08008e64   0x08008e64   0x00000040   Code   RO         6048    i.initBLEsmp        Rafael_BLE_MM32F032xx_s.lib(mmi.o)
    0x08008ea4   0x08008ea4   0x00000038   Code   RO         6049    i.initBLEsmp_Re     Rafael_BLE_MM32F032xx_s.lib(mmi.o)
    0x08008edc   0x08008edc   0x00000014   Code   RO         6050    i.initBLEsw         Rafael_BLE_MM32F032xx_s.lib(mmi.o)
    0x08008ef0   0x08008ef0   0x00000014   Code   RO         4380    i.initBleDeviceParam  Rafael_BLE_MM32F032xx_s.lib(host.o)
    0x08008f04   0x08008f04   0x00000034   Code   RO         5746    i.initHCI           Rafael_BLE_MM32F032xx_s.lib(hci.o)
    0x08008f38   0x08008f38   0x00000018   Code   RO         5333    i.initInt           Rafael_BLE_MM32F032xx_s.lib(rf_phy.o)
    0x08008f50   0x08008f50   0x00000008   Code   RO         5949    i.initL2CAP         Rafael_BLE_MM32F032xx_s.lib(l2cap.o)
    0x08008f58   0x08008f58   0x00000160   Code   RO         4585    i.initLL            Rafael_BLE_MM32F032xx_s.lib(ll.o)
    0x080090b8   0x080090b8   0x0000000c   Code   RO         5747    i.initLLCallBack    Rafael_BLE_MM32F032xx_s.lib(hci.o)
    0x080090c4   0x080090c4   0x00000018   Code   RO         6371    i.init_q_att_HDL_PreWr  Rafael_BLE_MM32F032xx_s.lib(rffunction.o)
    0x080090dc   0x080090dc   0x000000c0   Code   RO           76    i.main              main.o
    0x0800919c   0x0800919c   0x00000070   Code   RO         5334    i.rafael_pll_bank_get  Rafael_BLE_MM32F032xx_s.lib(rf_phy.o)
    0x0800920c   0x0800920c   0x00000130   Code   RO         5335    i.rafael_pll_calibration  Rafael_BLE_MM32F032xx_s.lib(rf_phy.o)
    0x0800933c   0x0800933c   0x0000002c   Code   RO         5336    i.rafael_reset_phy_fsm  Rafael_BLE_MM32F032xx_s.lib(rf_phy.o)
    0x08009368   0x08009368   0x00000024   Code   RO         5337    i.rafael_reset_phy_fsm_Isr  Rafael_BLE_MM32F032xx_s.lib(rf_phy.o)
    0x0800938c   0x0800938c   0x0000003a   Code   RO         3675    i.setBLE_AdvData    Rafael_BLE_MM32F032xx_s.lib(ble_cmd.o)
    0x080093c6   0x080093c6   0x0000003c   Code   RO         3677    i.setBLE_AdvEnable  Rafael_BLE_MM32F032xx_s.lib(ble_cmd.o)
    0x08009402   0x08009402   0x00000002   PAD
    0x08009404   0x08009404   0x000000e8   Code   RO         3678    i.setBLE_AdvParam   Rafael_BLE_MM32F032xx_s.lib(ble_cmd.o)
    0x080094ec   0x080094ec   0x00000070   Code   RO         3679    i.setBLE_BleDeviceAddr  Rafael_BLE_MM32F032xx_s.lib(ble_cmd.o)
    0x0800955c   0x0800955c   0x00000030   Code   RO         6372    i.setBLE_CmdTimer   Rafael_BLE_MM32F032xx_s.lib(rffunction.o)
    0x0800958c   0x0800958c   0x00000012   Code   RO         6373    i.setBLE_ConnTxData  Rafael_BLE_MM32F032xx_s.lib(rffunction.o)
    0x0800959e   0x0800959e   0x00000034   Code   RO         6374    i.setBLE_ConnTxData_ATT_ERROR_RESPONSE  Rafael_BLE_MM32F032xx_s.lib(rffunction.o)
    0x080095d2   0x080095d2   0x00000044   Code   RO         6375    i.setBLE_ConnTxData_SMP  Rafael_BLE_MM32F032xx_s.lib(rffunction.o)
    0x08009616   0x08009616   0x00000046   Code   RO         6376    i.setBLE_ConnTxData_SMP_Isr  Rafael_BLE_MM32F032xx_s.lib(rffunction.o)
    0x0800965c   0x0800965c   0x00000050   Code   RO         3687    i.setBLE_IOCapabilities  Rafael_BLE_MM32F032xx_s.lib(ble_cmd.o)
    0x080096ac   0x080096ac   0x0000002c   Code   RO         3688    i.setBLE_Pairing_PassKey  Rafael_BLE_MM32F032xx_s.lib(ble_cmd.o)
    0x080096d8   0x080096d8   0x00000018   Code   RO         4004    i.setBLE_RegisterBleEvent  Rafael_BLE_MM32F032xx_s.lib(ble_event.o)
    0x080096f0   0x080096f0   0x0000003a   Code   RO         3693    i.setBLE_ScanRspData  Rafael_BLE_MM32F032xx_s.lib(ble_cmd.o)
    0x0800972a   0x0800972a   0x00000002   PAD
    0x0800972c   0x0800972c   0x00000020   Code   RO         5338    i.setChannel_BLE    Rafael_BLE_MM32F032xx_s.lib(rf_phy.o)
    0x0800974c   0x0800974c   0x0000000c   Code   RO         5344    i.smpAES_En         Rafael_BLE_MM32F032xx_s.lib(rf_phy.o)
    0x08009758   0x08009758   0x00000032   Code   RO         5345    i.smpAES_inInv      Rafael_BLE_MM32F032xx_s.lib(rf_phy.o)
    0x0800978a   0x0800978a   0x00000002   PAD
    0x0800978c   0x0800978c   0x00000018   Code   RO         5346    i.smpAES_in_PlainText  Rafael_BLE_MM32F032xx_s.lib(rf_phy.o)
    0x080097a4   0x080097a4   0x0000000e   Code   RO         5347    i.smpAES_in_key     Rafael_BLE_MM32F032xx_s.lib(rf_phy.o)
    0x080097b2   0x080097b2   0x00000022   Code   RO         5348    i.smpAES_out        Rafael_BLE_MM32F032xx_s.lib(rf_phy.o)
    0x080097d4   0x080097d4   0x00000030   Code   RO         5349    i.smpAES_outInv     Rafael_BLE_MM32F032xx_s.lib(rf_phy.o)
    0x08009804   0x08009804   0x000000c4   Code   RO         6377    i.smpC1             Rafael_BLE_MM32F032xx_s.lib(rffunction.o)
    0x080098c8   0x080098c8   0x00000018   Code   RO         6378    i.smpPasskey_init   Rafael_BLE_MM32F032xx_s.lib(rffunction.o)
    0x080098e0   0x080098e0   0x00000030   Code   RO         6379    i.smpPasskey_set    Rafael_BLE_MM32F032xx_s.lib(rffunction.o)
    0x08009910   0x08009910   0x0000002c   Code   RO         6380    i.smpS1             Rafael_BLE_MM32F032xx_s.lib(rffunction.o)
    0x0800993c   0x0800993c   0x000000f0   Code   RO          622    i.spiGpioWriteReg   porting_misc.o
    0x08009a2c   0x08009a2c   0x0000002e   Data   RO          264    .constdata          user.o
    0x08009a5a   0x08009a5a   0x00000002   PAD
    0x08009a5c   0x08009a5c   0x00000008   Data   RO          420    .constdata          spi.o
    0x08009a64   0x08009a64   0x00000001   Data   RO          624    .constdata          porting_misc.o
    0x08009a65   0x08009a65   0x00000003   PAD
    0x08009a68   0x08009a68   0x00000016   Data   RO          711    .constdata          porting_spi.o
    0x08009a7e   0x08009a7e   0x00000007   Data   RO         3466    .constdata          profile_tab.o
    0x08009a85   0x08009a85   0x00000007   Data   RO         3467    .constdata          profile_tab.o
    0x08009a8c   0x08009a8c   0x0000000a   Data   RO         3468    .constdata          profile_tab.o
    0x08009a96   0x08009a96   0x0000000c   Data   RO         3469    .constdata          profile_tab.o
    0x08009aa2   0x08009aa2   0x0000000a   Data   RO         3470    .constdata          profile_tab.o
    0x08009aac   0x08009aac   0x00000007   Data   RO         3471    .constdata          profile_tab.o
    0x08009ab3   0x08009ab3   0x0000000a   Data   RO         3472    .constdata          profile_tab.o
    0x08009abd   0x08009abd   0x0000000b   Data   RO         3473    .constdata          profile_tab.o
    0x08009ac8   0x08009ac8   0x0000000a   Data   RO         3474    .constdata          profile_tab.o
    0x08009ad2   0x08009ad2   0x00000006   Data   RO         3475    .constdata          profile_tab.o
    0x08009ad8   0x08009ad8   0x0000000a   Data   RO         3476    .constdata          profile_tab.o
    0x08009ae2   0x08009ae2   0x0000000d   Data   RO         3477    .constdata          profile_tab.o
    0x08009aef   0x08009aef   0x00000007   Data   RO         3478    .constdata          profile_tab.o
    0x08009af6   0x08009af6   0x0000000a   Data   RO         3479    .constdata          profile_tab.o
    0x08009b00   0x08009b00   0x00000009   Data   RO         3480    .constdata          profile_tab.o
    0x08009b09   0x08009b09   0x00000007   Data   RO         3481    .constdata          profile_tab.o
    0x08009b10   0x08009b10   0x00000007   Data   RO         3482    .constdata          profile_tab.o
    0x08009b17   0x08009b17   0x0000000a   Data   RO         3483    .constdata          profile_tab.o
    0x08009b21   0x08009b21   0x00000009   Data   RO         3484    .constdata          profile_tab.o
    0x08009b2a   0x08009b2a   0x0000000c   Data   RO         3485    .constdata          profile_tab.o
    0x08009b36   0x08009b36   0x0000000a   Data   RO         3486    .constdata          profile_tab.o
    0x08009b40   0x08009b40   0x0000000b   Data   RO         3487    .constdata          profile_tab.o
    0x08009b4b   0x08009b4b   0x0000000c   Data   RO         3488    .constdata          profile_tab.o
    0x08009b57   0x08009b57   0x0000000a   Data   RO         3489    .constdata          profile_tab.o
    0x08009b61   0x08009b61   0x0000000d   Data   RO         3490    .constdata          profile_tab.o
    0x08009b6e   0x08009b6e   0x0000000a   Data   RO         3491    .constdata          profile_tab.o
    0x08009b78   0x08009b78   0x00000009   Data   RO         3492    .constdata          profile_tab.o
    0x08009b81   0x08009b81   0x0000000c   Data   RO         3493    .constdata          profile_tab.o
    0x08009b8d   0x08009b8d   0x0000000a   Data   RO         3494    .constdata          profile_tab.o
    0x08009b97   0x08009b97   0x0000000b   Data   RO         3495    .constdata          profile_tab.o
    0x08009ba2   0x08009ba2   0x0000000c   Data   RO         3496    .constdata          profile_tab.o
    0x08009bae   0x08009bae   0x0000000a   Data   RO         3497    .constdata          profile_tab.o
    0x08009bb8   0x08009bb8   0x00000008   Data   RO         3498    .constdata          profile_tab.o
    0x08009bc0   0x08009bc0   0x0000000c   Data   RO         3499    .constdata          profile_tab.o
    0x08009bcc   0x08009bcc   0x0000000a   Data   RO         3500    .constdata          profile_tab.o
    0x08009bd6   0x08009bd6   0x00000009   Data   RO         3501    .constdata          profile_tab.o
    0x08009bdf   0x08009bdf   0x0000000c   Data   RO         3502    .constdata          profile_tab.o
    0x08009beb   0x08009beb   0x0000000a   Data   RO         3503    .constdata          profile_tab.o
    0x08009bf5   0x08009bf5   0x0000000c   Data   RO         3504    .constdata          profile_tab.o
    0x08009c01   0x08009c01   0x00000007   Data   RO         3505    .constdata          profile_tab.o
    0x08009c08   0x08009c08   0x0000000a   Data   RO         3506    .constdata          profile_tab.o
    0x08009c12   0x08009c12   0x00000006   Data   RO         3507    .constdata          profile_tab.o
    0x08009c18   0x08009c18   0x00000007   Data   RO         3508    .constdata          profile_tab.o
    0x08009c1f   0x08009c1f   0x0000000a   Data   RO         3509    .constdata          profile_tab.o
    0x08009c29   0x08009c29   0x00000006   Data   RO         3510    .constdata          profile_tab.o
    0x08009c2f   0x08009c2f   0x00000007   Data   RO         3511    .constdata          profile_tab.o
    0x08009c36   0x08009c36   0x0000000a   Data   RO         3512    .constdata          profile_tab.o
    0x08009c40   0x08009c40   0x00000009   Data   RO         3513    .constdata          profile_tab.o
    0x08009c49   0x08009c49   0x0000000a   Data   RO         3514    .constdata          profile_tab.o
    0x08009c53   0x08009c53   0x00000006   Data   RO         3515    .constdata          profile_tab.o
    0x08009c59   0x08009c59   0x0000000a   Data   RO         3516    .constdata          profile_tab.o
    0x08009c63   0x08009c63   0x000000bb   Data   RO         3517    .constdata          profile_tab.o
    0x08009d1e   0x08009d1e   0x0000000a   Data   RO         3518    .constdata          profile_tab.o
    0x08009d28   0x08009d28   0x00000007   Data   RO         3519    .constdata          profile_tab.o
    0x08009d2f   0x08009d2f   0x00000007   Data   RO         3520    .constdata          profile_tab.o
    0x08009d36   0x08009d36   0x00000007   Data   RO         3521    .constdata          profile_tab.o
    0x08009d3d   0x08009d3d   0x0000000a   Data   RO         3522    .constdata          profile_tab.o
    0x08009d47   0x08009d47   0x0000000d   Data   RO         3523    .constdata          profile_tab.o
    0x08009d54   0x08009d54   0x00000007   Data   RO         3524    .constdata          profile_tab.o
    0x08009d5b   0x08009d5b   0x00000007   Data   RO         3525    .constdata          profile_tab.o
    0x08009d62   0x08009d62   0x0000000a   Data   RO         3526    .constdata          profile_tab.o
    0x08009d6c   0x08009d6c   0x00000006   Data   RO         3527    .constdata          profile_tab.o
    0x08009d72   0x08009d72   0x00000007   Data   RO         3528    .constdata          profile_tab.o
    0x08009d79   0x08009d79   0x00000046   Data   RO         3529    .constdata          profile_tab.o
    0x08009dbf   0x08009dbf   0x0000000a   Data   RO         3530    .constdata          profile_tab.o
    0x08009dc9   0x08009dc9   0x0000000d   Data   RO         3531    .constdata          profile_tab.o
    0x08009dd6   0x08009dd6   0x00000007   Data   RO         3532    .constdata          profile_tab.o
    0x08009ddd   0x08009ddd   0x00000007   Data   RO         3533    .constdata          profile_tab.o
    0x08009de4   0x08009de4   0x0000000a   Data   RO         3534    .constdata          profile_tab.o
    0x08009dee   0x08009dee   0x00000006   Data   RO         3535    .constdata          profile_tab.o
    0x08009df4   0x08009df4   0x00000007   Data   RO         3536    .constdata          profile_tab.o
    0x08009dfb   0x08009dfb   0x0000000a   Data   RO         3537    .constdata          profile_tab.o
    0x08009e05   0x08009e05   0x00000006   Data   RO         3538    .constdata          profile_tab.o
    0x08009e0b   0x08009e0b   0x0000000a   Data   RO         3539    .constdata          profile_tab.o
    0x08009e15   0x08009e15   0x0000000e   Data   RO         3540    .constdata          profile_tab.o
    0x08009e23   0x08009e23   0x00000007   Data   RO         3541    .constdata          profile_tab.o
    0x08009e2a   0x08009e2a   0x0000000a   Data   RO         3542    .constdata          profile_tab.o
    0x08009e34   0x08009e34   0x00000006   Data   RO         3543    .constdata          profile_tab.o
    0x08009e3a   0x08009e3a   0x0000000a   Data   RO         3544    .constdata          profile_tab.o
    0x08009e44   0x08009e44   0x0000000b   Data   RO         3545    .constdata          profile_tab.o
    0x08009e4f   0x08009e4f   0x00000007   Data   RO         3546    .constdata          profile_tab.o
    0x08009e56   0x08009e56   0x00000002   Data   RO         3547    .constdata          profile_tab.o
    0x08009e58   0x08009e58   0x00000002   Data   RO         3548    .constdata          profile_tab.o
    0x08009e5a   0x08009e5a   0x00000002   Data   RO         3551    .constdata          profile_tab.o
    0x08009e5c   0x08009e5c   0x00000002   Data   RO         3554    .constdata          profile_tab.o
    0x08009e5e   0x08009e5e   0x00000002   Data   RO         3555    .constdata          profile_tab.o
    0x08009e60   0x08009e60   0x00000002   Data   RO         3556    .constdata          profile_tab.o
    0x08009e62   0x08009e62   0x00000002   Data   RO         3557    .constdata          profile_tab.o
    0x08009e64   0x08009e64   0x00000002   Data   RO         3558    .constdata          profile_tab.o
    0x08009e66   0x08009e66   0x00000002   Data   RO         3559    .constdata          profile_tab.o
    0x08009e68   0x08009e68   0x00000002   Data   RO         3560    .constdata          profile_tab.o
    0x08009e6a   0x08009e6a   0x00000002   Data   RO         3561    .constdata          profile_tab.o
    0x08009e6c   0x08009e6c   0x00000002   Data   RO         3562    .constdata          profile_tab.o
    0x08009e6e   0x08009e6e   0x00000002   Data   RO         3563    .constdata          profile_tab.o
    0x08009e70   0x08009e70   0x00000002   Data   RO         3564    .constdata          profile_tab.o
    0x08009e72   0x08009e72   0x00000002   Data   RO         3565    .constdata          profile_tab.o
    0x08009e74   0x08009e74   0x00000002   Data   RO         3566    .constdata          profile_tab.o
    0x08009e76   0x08009e76   0x00000002   Data   RO         3567    .constdata          profile_tab.o
    0x08009e78   0x08009e78   0x00000002   Data   RO         3568    .constdata          profile_tab.o
    0x08009e7a   0x08009e7a   0x00000002   Data   RO         3569    .constdata          profile_tab.o
    0x08009e7c   0x08009e7c   0x00000002   Data   RO         3570    .constdata          profile_tab.o
    0x08009e7e   0x08009e7e   0x00000002   Data   RO         3571    .constdata          profile_tab.o
    0x08009e80   0x08009e80   0x00000002   Data   RO         3572    .constdata          profile_tab.o
    0x08009e82   0x08009e82   0x00000002   Data   RO         3573    .constdata          profile_tab.o
    0x08009e84   0x08009e84   0x00000002   Data   RO         3574    .constdata          profile_tab.o
    0x08009e86   0x08009e86   0x00000002   Data   RO         3575    .constdata          profile_tab.o
    0x08009e88   0x08009e88   0x00000002   Data   RO         3576    .constdata          profile_tab.o
    0x08009e8a   0x08009e8a   0x00000002   Data   RO         3577    .constdata          profile_tab.o
    0x08009e8c   0x08009e8c   0x00000002   Data   RO         3578    .constdata          profile_tab.o
    0x08009e8e   0x08009e8e   0x00000002   Data   RO         3579    .constdata          profile_tab.o
    0x08009e90   0x08009e90   0x00000002   Data   RO         3580    .constdata          profile_tab.o
    0x08009e92   0x08009e92   0x00000002   Data   RO         3581    .constdata          profile_tab.o
    0x08009e94   0x08009e94   0x00000002   Data   RO         3582    .constdata          profile_tab.o
    0x08009e96   0x08009e96   0x00000002   Data   RO         3583    .constdata          profile_tab.o
    0x08009e98   0x08009e98   0x00000002   Data   RO         3584    .constdata          profile_tab.o
    0x08009e9a   0x08009e9a   0x00000002   Data   RO         3585    .constdata          profile_tab.o
    0x08009e9c   0x08009e9c   0x00000002   Data   RO         3586    .constdata          profile_tab.o
    0x08009e9e   0x08009e9e   0x00000002   Data   RO         3587    .constdata          profile_tab.o
    0x08009ea0   0x08009ea0   0x00000144   Data   RO         3588    .constdata          profile_tab.o
    0x08009fe4   0x08009fe4   0x00000144   Data   RO         3589    .constdata          profile_tab.o
    0x0800a128   0x0800a128   0x0000000c   Data   RO         4382    .constdata          Rafael_BLE_MM32F032xx_s.lib(host.o)
    0x0800a134   0x0800a134   0x00000358   Data   RO         4591    .constdata          Rafael_BLE_MM32F032xx_s.lib(ll.o)
    0x0800a48c   0x0800a48c   0x0000011a   Data   RO         5352    .constdata          Rafael_BLE_MM32F032xx_s.lib(rf_phy.o)
    0x0800a5a6   0x0800a5a6   0x00000002   PAD
    0x0800a5a8   0x0800a5a8   0x0000006c   Data   RO         5749    .constdata          Rafael_BLE_MM32F032xx_s.lib(hci.o)
    0x0800a614   0x0800a614   0x00000040   Data   RO         5750    .constdata          Rafael_BLE_MM32F032xx_s.lib(hci.o)
    0x0800a654   0x0800a654   0x00000008   Data   RO         5751    .constdata          Rafael_BLE_MM32F032xx_s.lib(hci.o)
    0x0800a65c   0x0800a65c   0x00000004   Data   RO         5951    .constdata          Rafael_BLE_MM32F032xx_s.lib(l2cap.o)
    0x0800a660   0x0800a660   0x000000ac   Data   RO         6051    .constdata          Rafael_BLE_MM32F032xx_s.lib(mmi.o)
    0x0800a70c   0x0800a70c   0x0000001c   Data   RO         6052    .constdata          Rafael_BLE_MM32F032xx_s.lib(mmi.o)
    0x0800a728   0x0800a728   0x00000010   Data   RO         6391    .constdata          Rafael_BLE_MM32F032xx_s.lib(rffunction.o)
    0x0800a738   0x0800a738   0x0000004b   Data   RO          265    .conststring        user.o
    0x0800a783   0x0800a783   0x00000001   PAD
    0x0800a784   0x0800a784   0x00000020   Data   RO         6854    Region$$Table       anon$$obj.o


    Execution Region RW_IRAM1 (Exec base: 0x20000000, Load base: 0x0800a7a4, Size: 0x00001998, Max: 0x00004000, ABSOLUTE, COMPRESSED[0x00000318])

    Exec Addr    Load Addr    Size         Type   Attr      Idx    E Section Name        Object

    0x20000000   COMPRESSED   0x00000004   Data   RW           77    .data               main.o
    0x20000004   COMPRESSED   0x0000000c   Data   RW          266    .data               user.o
    0x20000010   COMPRESSED   0x00000002   Data   RW          421    .data               spi.o
    0x20000012   COMPRESSED   0x00000002   PAD
    0x20000014   COMPRESSED   0x00000004   Data   RW          509    .data               systick.o
    0x20000018   COMPRESSED   0x00000010   Data   RW         2086    .data               hal_rcc.o
    0x20000028   COMPRESSED   0x00000007   Data   RW         3590    .data               profile_tab.o
    0x2000002f   COMPRESSED   0x00000006   Data   RW         3591    .data               profile_tab.o
    0x20000035   COMPRESSED   0x00000004   Data   RW         3592    .data               profile_tab.o
    0x20000039   COMPRESSED   0x00000002   Data   RW         3593    .data               profile_tab.o
    0x2000003b   COMPRESSED   0x00000001   Data   RW         3594    .data               profile_tab.o
    0x2000003c   COMPRESSED   0x00000002   Data   RW         3595    .data               profile_tab.o
    0x2000003e   COMPRESSED   0x00000001   Data   RW         3596    .data               profile_tab.o
    0x2000003f   COMPRESSED   0x00000001   Data   RW         3597    .data               profile_tab.o
    0x20000040   COMPRESSED   0x00000002   Data   RW         3598    .data               profile_tab.o
    0x20000042   COMPRESSED   0x00000002   Data   RW         3599    .data               profile_tab.o
    0x20000044   COMPRESSED   0x00000008   Data   RW         3600    .data               profile_tab.o
    0x2000004c   COMPRESSED   0x00000002   Data   RW         3601    .data               profile_tab.o
    0x2000004e   COMPRESSED   0x00000001   Data   RW         3602    .data               profile_tab.o
    0x2000004f   COMPRESSED   0x00000008   Data   RW         3603    .data               profile_tab.o
    0x20000057   COMPRESSED   0x00000002   Data   RW         3604    .data               profile_tab.o
    0x20000059   COMPRESSED   0x00000001   Data   RW         3605    .data               profile_tab.o
    0x2000005a   COMPRESSED   0x00000001   Data   RW         3606    .data               profile_tab.o
    0x2000005b   COMPRESSED   0x00000002   Data   RW         3607    .data               profile_tab.o
    0x2000005d   COMPRESSED   0x00000001   Data   RW         3608    .data               profile_tab.o
    0x2000005e   COMPRESSED   0x00000006   Data   RW         3609    .data               profile_tab.o
    0x20000064   COMPRESSED   0x00000002   Data   RW         3610    .data               profile_tab.o
    0x20000066   COMPRESSED   0x00000002   PAD
    0x20000068   COMPRESSED   0x00000144   Data   RW         3611    .data               profile_tab.o
    0x200001ac   COMPRESSED   0x00000144   Data   RW         3612    .data               profile_tab.o
    0x200002f0   COMPRESSED   0x00000144   Data   RW         3613    .data               profile_tab.o
    0x20000434   COMPRESSED   0x00000001   Data   RW         3614    .data               profile_tab.o
    0x20000435   COMPRESSED   0x00000003   PAD
    0x20000438   COMPRESSED   0x00000004   Data   RW         4005    .data               Rafael_BLE_MM32F032xx_s.lib(ble_event.o)
    0x2000043c   COMPRESSED   0x00000008   Data   RW         4084    .data               Rafael_BLE_MM32F032xx_s.lib(kernel.o)
    0x20000444   COMPRESSED   0x00000007   Data   RW         4383    .data               Rafael_BLE_MM32F032xx_s.lib(host.o)
    0x2000044b   COMPRESSED   0x00000008   Data   RW         4384    .data               Rafael_BLE_MM32F032xx_s.lib(host.o)
    0x20000453   COMPRESSED   0x00000005   PAD
    0x20000458   COMPRESSED   0x000000a8   Data   RW         4597    .data               Rafael_BLE_MM32F032xx_s.lib(ll.o)
    0x20000500   COMPRESSED   0x00000028   Data   RW         5357    .data               Rafael_BLE_MM32F032xx_s.lib(rf_phy.o)
    0x20000528   COMPRESSED   0x00000005   Data   RW         5358    .data               Rafael_BLE_MM32F032xx_s.lib(rf_phy.o)
    0x2000052d   COMPRESSED   0x00000003   PAD
    0x20000530   COMPRESSED   0x0000000d   Data   RW         5752    .data               Rafael_BLE_MM32F032xx_s.lib(hci.o)
    0x2000053d   COMPRESSED   0x00000002   Data   RW         6053    .data               Rafael_BLE_MM32F032xx_s.lib(mmi.o)
    0x2000053f   COMPRESSED   0x00000010   Data   RW         6392    .data               Rafael_BLE_MM32F032xx_s.lib(rffunction.o)
    0x2000054f   COMPRESSED   0x0000000b   Data   RW         6393    .data               Rafael_BLE_MM32F032xx_s.lib(rffunction.o)
    0x2000055a   COMPRESSED   0x00000010   Data   RW         6396    .data               Rafael_BLE_MM32F032xx_s.lib(rffunction.o)
    0x2000056a   COMPRESSED   0x00000002   Data   RW         6397    .data               Rafael_BLE_MM32F032xx_s.lib(rffunction.o)
    0x2000056c   COMPRESSED   0x00000008   Data   RW         6398    .data               Rafael_BLE_MM32F032xx_s.lib(rffunction.o)
    0x20000574   COMPRESSED   0x00000010   Data   RW         6399    .data               Rafael_BLE_MM32F032xx_s.lib(rffunction.o)
    0x20000584   COMPRESSED   0x00000010   Data   RW         6400    .data               Rafael_BLE_MM32F032xx_s.lib(rffunction.o)
    0x20000594   COMPRESSED   0x00000019   Data   RW         6401    .data               Rafael_BLE_MM32F032xx_s.lib(rffunction.o)
    0x200005ad   COMPRESSED   0x00000001   Data   RW         6402    .data               Rafael_BLE_MM32F032xx_s.lib(rffunction.o)
    0x200005ae   COMPRESSED   0x0000000f   Data   RW         6404    .data               Rafael_BLE_MM32F032xx_s.lib(rffunction.o)
    0x200005bd   COMPRESSED   0x00000001   Data   RW         6405    .data               Rafael_BLE_MM32F032xx_s.lib(rffunction.o)
    0x200005be   COMPRESSED   0x00000001   Data   RW         6406    .data               Rafael_BLE_MM32F032xx_s.lib(rffunction.o)
    0x200005bf   COMPRESSED   0x00000008   Data   RW         6407    .data               Rafael_BLE_MM32F032xx_s.lib(rffunction.o)
    0x200005c7   COMPRESSED   0x00000002   Data   RW         6408    .data               Rafael_BLE_MM32F032xx_s.lib(rffunction.o)
    0x200005c9   COMPRESSED   0x00000008   Data   RW         6411    .data               Rafael_BLE_MM32F032xx_s.lib(rffunction.o)
    0x200005d1   COMPRESSED   0x00000003   PAD
    0x200005d4   COMPRESSED   0x00000004   Data   RW         6828    .data               mc_p.l(stdout.o)
    0x200005d8        -       0x00000924   Zero   RW          623    .bss                porting_misc.o
    0x20000efc        -       0x00000009   Zero   RW         3465    .bss                profile_tab.o
    0x20000f05   COMPRESSED   0x00000003   PAD
    0x20000f08        -       0x00000028   Zero   RW         4083    .bss                Rafael_BLE_MM32F032xx_s.lib(kernel.o)
    0x20000f30        -       0x000002f0   Zero   RW         4589    .bss                Rafael_BLE_MM32F032xx_s.lib(ll.o)
    0x20001220        -       0x00000030   Zero   RW         4590    .bss                Rafael_BLE_MM32F032xx_s.lib(ll.o)
    0x20001250        -       0x00000035   Zero   RW         5351    .bss                Rafael_BLE_MM32F032xx_s.lib(rf_phy.o)
    0x20001285        -       0x000000fd   Zero   RW         5950    .bss                Rafael_BLE_MM32F032xx_s.lib(l2cap.o)
    0x20001382   COMPRESSED   0x00000002   PAD
    0x20001384        -       0x00000190   Zero   RW         6382    .bss                Rafael_BLE_MM32F032xx_s.lib(rffunction.o)
    0x20001514        -       0x00000010   Zero   RW         6383    .bss                Rafael_BLE_MM32F032xx_s.lib(rffunction.o)
    0x20001524        -       0x00000010   Zero   RW         6384    .bss                Rafael_BLE_MM32F032xx_s.lib(rffunction.o)
    0x20001534        -       0x00000010   Zero   RW         6385    .bss                Rafael_BLE_MM32F032xx_s.lib(rffunction.o)
    0x20001544        -       0x00000010   Zero   RW         6386    .bss                Rafael_BLE_MM32F032xx_s.lib(rffunction.o)
    0x20001554        -       0x00000010   Zero   RW         6387    .bss                Rafael_BLE_MM32F032xx_s.lib(rffunction.o)
    0x20001564        -       0x0000000a   Zero   RW         6388    .bss                Rafael_BLE_MM32F032xx_s.lib(rffunction.o)
    0x2000156e        -       0x0000002a   Zero   RW         6390    .bss                Rafael_BLE_MM32F032xx_s.lib(rffunction.o)
    0x20001598        -       0x00000400   Zero   RW           66    STACK               startup_mm32f032xx_s_keil.o


==============================================================================

Image component sizes


      Code (inc. data)   RO Data    RW Data    ZI Data      Debug   Object Name

       212         20          0          0          0       6916   hal_dma.o
       200         28          0          0          0       6327   hal_exti.o
       200          0          0          0          0       7121   hal_gpio.o
        80         10          0          0          0       2412   hal_misc.o
       240         60          0         16          0       8304   hal_rcc.o
       242          0          0          0          0       7946   hal_spi.o
       164          4          0          0          0       5302   hal_uart.o
       296         74          0          4          0     145395   main.o
        18          0          0          0          0       1075   porting_lltimer.o
       664         24          1          0       2340       6202   porting_misc.o
       764         48         22          0          0       6824   porting_spi.o
         4          0       1706       1035          9      18504   profile_tab.o
      1298         88          8          2          0       7678   spi.o
        88         38        192          0       1024        824   startup_mm32f032xx_s_keil.o
       292         30          0          0          0     132861   system_mm32f032xx_s.o
       176         24          0          4          0       8832   systick.o
       336         16          0          0          0       2062   uart.o
       822        246        121         12          0      26147   user.o

    ----------------------------------------------------------------------
      6112        710       2088       1080       3376     400732   Object Totals
         0          0         32          0          0          0   (incl. Generated)
        16          0          6          7          3          0   (incl. Padding)

    ----------------------------------------------------------------------

      Code (inc. data)   RO Data    RW Data    ZI Data      Debug   Library Member Name

       644         26          0          0          0      36601   ble_cmd.o
       576         42          0          4          0       4649   ble_event.o
      1362        248        180         13          0      52819   hci.o
       242         28         12         15          0      16915   host.o
      1270        112          0          8         40      48959   kernel.o
        78         12          4          0        253       4206   l2cap.o
     18260       1206        856        168        800     146154   ll.o
      5538        552        200          2          0      45433   mmi.o
      2346        242        282         45         53      54878   rf_phy.o
      1224        114         16        146        532      28889   rffunction.o
        86          0          0          0          0          0   __dczerorl2.o
         0          0          0          0          0          0   entry.o
         0          0          0          0          0          0   entry10a.o
         0          0          0          0          0          0   entry11a.o
         4          0          0          0          0          0   entry12b.o
         8          4          0          0          0          0   entry2.o
         4          0          0          0          0          0   entry5.o
         0          0          0          0          0          0   entry7b.o
         0          0          0          0          0          0   entry8b.o
         8          4          0          0          0          0   entry9a.o
        30          0          0          0          0          0   handlers.o
        40          0          0          0          0         72   idiv.o
        36          8          0          0          0         68   init.o
        32          0          0          0          0         68   llshl.o
        34          0          0          0          0         68   llushr.o
      1172         52          0          0          0        324   printf8.o
         0          0          0          4          0          0   stdout.o
        44          0          0          0          0         72   uidiv.o
        96          0          0          0          0         84   uldiv.o

    ----------------------------------------------------------------------
     33164       2650       1552        416       1680     440259   Library Totals
        30          0          2         11          2          0   (incl. Padding)

    ----------------------------------------------------------------------

      Code (inc. data)   RO Data    RW Data    ZI Data      Debug   Library Name

     31540       2582       1550        401       1678     439503   Rafael_BLE_MM32F032xx_s.lib
      1594         68          0          4          0        756   mc_p.l

    ----------------------------------------------------------------------
     33164       2650       1552        416       1680     440259   Library Totals

    ----------------------------------------------------------------------

==============================================================================


      Code (inc. data)   RO Data    RW Data    ZI Data      Debug   

     39276       3360       3640       1496       5056     823299   Grand Totals
     39276       3360       3640        792       5056     823299   ELF Image Totals (compressed)
     39276       3360       3640        792          0          0   ROM Totals

==============================================================================

    Total RO  Size (Code + RO Data)                42916 (  41.91kB)
    Total RW  Size (RW Data + ZI Data)              6552 (   6.40kB)
    Total ROM Size (Code + RO Data + RW Data)      43708 (  42.68kB)

==============================================================================

